Component: ARM Compiler 5.06 update 1 (build 61) Tool: armlink [4d35a8]

==============================================================================

Section Cross References

    startup_stm32h743xx.o(RESET) refers to startup_stm32h743xx.o(STACK) for __initial_sp
    startup_stm32h743xx.o(RESET) refers to startup_stm32h743xx.o(.text) for Reset_Handler
    startup_stm32h743xx.o(RESET) refers to stm32h7xx_it.o(i.NMI_Handler) for NMI_Handler
    startup_stm32h743xx.o(RESET) refers to stm32h7xx_it.o(i.HardFault_Handler) for HardFault_Handler
    startup_stm32h743xx.o(RESET) refers to stm32h7xx_it.o(i.MemManage_Handler) for MemManage_Handler
    startup_stm32h743xx.o(RESET) refers to stm32h7xx_it.o(i.BusFault_Handler) for BusFault_Handler
    startup_stm32h743xx.o(RESET) refers to stm32h7xx_it.o(i.UsageFault_Handler) for UsageFault_Handler
    startup_stm32h743xx.o(RESET) refers to stm32h7xx_it.o(i.SVC_Handler) for SVC_Handler
    startup_stm32h743xx.o(RESET) refers to stm32h7xx_it.o(i.DebugMon_Handler) for DebugMon_Handler
    startup_stm32h743xx.o(RESET) refers to stm32h7xx_it.o(i.PendSV_Handler) for PendSV_Handler
    startup_stm32h743xx.o(RESET) refers to stm32h7xx_it.o(i.SysTick_Handler) for SysTick_Handler
    startup_stm32h743xx.o(RESET) refers to stm32h7xx_it.o(i.DMA1_Stream0_IRQHandler) for DMA1_Stream0_IRQHandler
    startup_stm32h743xx.o(RESET) refers to stm32h7xx_it.o(i.TIM2_IRQHandler) for TIM2_IRQHandler
    startup_stm32h743xx.o(RESET) refers to stm32h7xx_it.o(i.TIM8_UP_TIM13_IRQHandler) for TIM8_UP_TIM13_IRQHandler
    startup_stm32h743xx.o(.text) refers to system_stm32h7xx.o(i.SystemInit) for SystemInit
    startup_stm32h743xx.o(.text) refers to entry.o(.ARM.Collect$$$$00000000) for __main
    socket.o(i.close) refers to w5500.o(i.IINCHIP_WRITE) for IINCHIP_WRITE
    socket.o(i.close) refers to w5500.o(i.IINCHIP_READ) for IINCHIP_READ
    socket.o(i.connect) refers to w5500.o(i.IINCHIP_WRITE) for IINCHIP_WRITE
    socket.o(i.connect) refers to w5500.o(i.IINCHIP_READ) for IINCHIP_READ
    socket.o(i.connect) refers to w5500.o(i.getSn_IR) for getSn_IR
    socket.o(i.disconnect) refers to w5500.o(i.IINCHIP_WRITE) for IINCHIP_WRITE
    socket.o(i.disconnect) refers to w5500.o(i.IINCHIP_READ) for IINCHIP_READ
    socket.o(i.listen) refers to w5500.o(i.IINCHIP_READ) for IINCHIP_READ
    socket.o(i.listen) refers to w5500.o(i.IINCHIP_WRITE) for IINCHIP_WRITE
    socket.o(i.recv) refers to w5500.o(i.recv_data_processing) for recv_data_processing
    socket.o(i.recv) refers to w5500.o(i.IINCHIP_WRITE) for IINCHIP_WRITE
    socket.o(i.recv) refers to w5500.o(i.IINCHIP_READ) for IINCHIP_READ
    socket.o(i.recvfrom) refers to w5500.o(i.IINCHIP_READ) for IINCHIP_READ
    socket.o(i.recvfrom) refers to w5500.o(i.wiz_read_buf) for wiz_read_buf
    socket.o(i.recvfrom) refers to w5500.o(i.IINCHIP_WRITE) for IINCHIP_WRITE
    socket.o(i.recvfrom) refers to printfa.o(i.__0printf) for __2printf
    socket.o(i.send) refers to w5500.o(i.getIINCHIP_TxMAX) for getIINCHIP_TxMAX
    socket.o(i.send) refers to w5500.o(i.getSn_TX_FSR) for getSn_TX_FSR
    socket.o(i.send) refers to w5500.o(i.IINCHIP_READ) for IINCHIP_READ
    socket.o(i.send) refers to w5500.o(i.send_data_processing) for send_data_processing
    socket.o(i.send) refers to w5500.o(i.IINCHIP_WRITE) for IINCHIP_WRITE
    socket.o(i.send) refers to printfa.o(i.__0printf) for __2printf
    socket.o(i.send) refers to socket.o(i.close) for close
    socket.o(i.send) refers to socket.o(.data) for freesize
    socket.o(i.send_ka) refers to w5500.o(i.IINCHIP_WRITE) for IINCHIP_WRITE
    socket.o(i.sendto) refers to w5500.o(i.getIINCHIP_TxMAX) for getIINCHIP_TxMAX
    socket.o(i.sendto) refers to w5500.o(i.IINCHIP_WRITE) for IINCHIP_WRITE
    socket.o(i.sendto) refers to w5500.o(i.send_data_processing) for send_data_processing
    socket.o(i.sendto) refers to w5500.o(i.IINCHIP_READ) for IINCHIP_READ
    socket.o(i.socket) refers to socket.o(i.close) for close
    socket.o(i.socket) refers to w5500.o(i.IINCHIP_WRITE) for IINCHIP_WRITE
    socket.o(i.socket) refers to w5500.o(i.IINCHIP_READ) for IINCHIP_READ
    socket.o(i.socket) refers to socket.o(.data) for local_port
    w5500.o(i.GetLockCode) refers to stm32h7xx_hal.o(i.HAL_GetUIDw0) for HAL_GetUIDw0
    w5500.o(i.GetLockCode) refers to stm32h7xx_hal.o(i.HAL_GetUIDw1) for HAL_GetUIDw1
    w5500.o(i.GetLockCode) refers to stm32h7xx_hal.o(i.HAL_GetUIDw2) for HAL_GetUIDw2
    w5500.o(i.GetLockCode) refers to printfa.o(i.__0printf) for __2printf
    w5500.o(i.GetLockCode) refers to w5500.o(.bss) for CpuID
    w5500.o(i.GetLockCode) refers to w5500.o(.data) for Lock_Code
    w5500.o(i.IINCHIP_CSoff) refers to stm32h7xx_hal_gpio.o(i.HAL_GPIO_WritePin) for HAL_GPIO_WritePin
    w5500.o(i.IINCHIP_CSon) refers to stm32h7xx_hal_gpio.o(i.HAL_GPIO_WritePin) for HAL_GPIO_WritePin
    w5500.o(i.IINCHIP_READ) refers to w5500.o(i.IINCHIP_CSoff) for IINCHIP_CSoff
[...]
    MX_DMA_Init                              0x080065a5   Thumb Code    48  main.o(i.MX_DMA_Init)
    i.MX_GPIO_Init                           0x080065d8   Section        0  main.o(i.MX_GPIO_Init)
    MX_GPIO_Init                             0x080065d9   Thumb Code   326  main.o(i.MX_GPIO_Init)
    i.MX_SPI2_Init                           0x08006730   Section        0  main.o(i.MX_SPI2_Init)
    MX_SPI2_Init                             0x08006731   Thumb Code   102  main.o(i.MX_SPI2_Init)
    i.MX_TIM2_Init                           0x080067a0   Section        0  main.o(i.MX_TIM2_Init)
    MX_TIM2_Init                             0x080067a1   Thumb Code   104  main.o(i.MX_TIM2_Init)
    i.MX_TIM8_Init                           0x0800680c   Section        0  main.o(i.MX_TIM8_Init)
    MX_TIM8_Init                             0x0800680d   Thumb Code   108  main.o(i.MX_TIM8_Init)
    i.MX_USART6_UART_Init                    0x08006880   Section        0  main.o(i.MX_USART6_UART_Init)
    MX_USART6_UART_Init                      0x08006881   Thumb Code    98  main.o(i.MX_USART6_UART_Init)
    i.MemManage_Handler                      0x080068ec   Section        0  stm32h7xx_it.o(i.MemManage_Handler)
    i.NMI_Handler                            0x080068f0   Section        0  stm32h7xx_it.o(i.NMI_Handler)
    i.PendSV_Handler                         0x080068f2   Section        0  stm32h7xx_it.o(i.PendSV_Handler)
    i.RCCEx_PLL2_Config                      0x080068f4   Section        0  stm32h7xx_hal_rcc_ex.o(i.RCCEx_PLL2_Config)
    RCCEx_PLL2_Config                        0x080068f5   Thumb Code   350  stm32h7xx_hal_rcc_ex.o(i.RCCEx_PLL2_Config)
    i.RCCEx_PLL3_Config                      0x08006a58   Section        0  stm32h7xx_hal_rcc_ex.o(i.RCCEx_PLL3_Config)
    RCCEx_PLL3_Config                        0x08006a59   Thumb Code   350  stm32h7xx_hal_rcc_ex.o(i.RCCEx_PLL3_Config)
    i.Reset_W5500                            0x08006bbc   Section        0  w5500.o(i.Reset_W5500)
    i.SCB_EnableDCache                       0x08006bec   Section        0  main.o(i.SCB_EnableDCache)
    SCB_EnableDCache                         0x08006bed   Thumb Code   148  main.o(i.SCB_EnableDCache)
    i.SCB_EnableICache                       0x08006c88   Section        0  main.o(i.SCB_EnableICache)
    SCB_EnableICache                         0x08006c89   Thumb Code   116  main.o(i.SCB_EnableICache)
    i.SCB_InvalidateDCache_by_Addr           0x08006d04   Section        0  main.o(i.SCB_InvalidateDCache_by_Addr)
    SCB_InvalidateDCache_by_Addr             0x08006d05   Thumb Code    72  main.o(i.SCB_InvalidateDCache_by_Addr)
    i.SPI2_SendByte                          0x08006d50   Section        0  w5500.o(i.SPI2_SendByte)
    i.SPI_CloseTransfer                      0x08006d70   Section        0  stm32h7xx_hal_spi.o(i.SPI_CloseTransfer)
    SPI_CloseTransfer                        0x08006d71   Thumb Code   214  stm32h7xx_hal_spi.o(i.SPI_CloseTransfer)
    i.SPI_GetPacketSize                      0x08006e46   Section        0  stm32h7xx_hal_spi.o(i.SPI_GetPacketSize)
    SPI_GetPacketSize                        0x08006e47   Thumb Code    26  stm32h7xx_hal_spi.o(i.SPI_GetPacketSize)
    i.SPI_WaitOnFlagUntilTimeout             0x08006e60   Section        0  stm32h7xx_hal_spi.o(i.SPI_WaitOnFlagUntilTimeout)
    SPI_WaitOnFlagUntilTimeout               0x08006e61   Thumb Code    64  stm32h7xx_hal_spi.o(i.SPI_WaitOnFlagUntilTimeout)
    i.SVC_Handler                            0x08006ea0   Section        0  stm32h7xx_it.o(i.SVC_Handler)
    i.SysTick_Handler                        0x08006ea2   Section        0  stm32h7xx_it.o(i.SysTick_Handler)
    i.SystemClock_Config                     0x08006eac   Section        0  main.o(i.SystemClock_Config)
    i.SystemInit                             0x08006fac   Section        0  system_stm32h7xx.o(i.SystemInit)
    i.TIM2_IRQHandler                        0x08007054   Section        0  stm32h7xx_it.o(i.TIM2_IRQHandler)
    i.TIM8_UP_TIM13_IRQHandler               0x08007064   Section        0  stm32h7xx_it.o(i.TIM8_UP_TIM13_IRQHandler)
    i.TIM_Base_SetConfig                     0x08007074   Section        0  stm32h7xx_hal_tim.o(i.TIM_Base_SetConfig)
    i.TIM_ETR_SetConfig                      0x08007140   Section        0  stm32h7xx_hal_tim.o(i.TIM_ETR_SetConfig)
    i.TIM_ITRx_SetConfig                     0x08007158   Section        0  stm32h7xx_hal_tim.o(i.TIM_ITRx_SetConfig)
    TIM_ITRx_SetConfig                       0x08007159   Thumb Code    18  stm32h7xx_hal_tim.o(i.TIM_ITRx_SetConfig)
    i.TIM_TI1_ConfigInputStage               0x08007170   Section        0  stm32h7xx_hal_tim.o(i.TIM_TI1_ConfigInputStage)
    TIM_TI1_ConfigInputStage                 0x08007171   Thumb Code    38  stm32h7xx_hal_tim.o(i.TIM_TI1_ConfigInputStage)
    i.TIM_TI2_ConfigInputStage               0x08007196   Section        0  stm32h7xx_hal_tim.o(i.TIM_TI2_ConfigInputStage)
    TIM_TI2_ConfigInputStage                 0x08007197   Thumb Code    40  stm32h7xx_hal_tim.o(i.TIM_TI2_ConfigInputStage)
    i.UARTEx_SetNbDataToProcess              0x080071c0   Section        0  stm32h7xx_hal_uart_ex.o(i.UARTEx_SetNbDataToProcess)
    UARTEx_SetNbDataToProcess                0x080071c1   Thumb Code    94  stm32h7xx_hal_uart_ex.o(i.UARTEx_SetNbDataToProcess)
    i.UART_AdvFeatureConfig                  0x08007230   Section        0  stm32h7xx_hal_uart.o(i.UART_AdvFeatureConfig)
    i.UART_CheckIdleState                    0x08007328   Section        0  stm32h7xx_hal_uart.o(i.UART_CheckIdleState)
    i.UART_SetConfig                         0x0800739c   Section        0  stm32h7xx_hal_uart.o(i.UART_SetConfig)
    i.UART_WaitOnFlagUntilTimeout            0x08008a8c   Section        0  stm32h7xx_hal_uart.o(i.UART_WaitOnFlagUntilTimeout)
    i.UsageFault_Handler                     0x08008b4a   Section        0  stm32h7xx_it.o(i.UsageFault_Handler)
    i.__0printf                              0x08008b50   Section        0  printfa.o(i.__0printf)
    i.__0sprintf                             0x08008b70   Section        0  printfa.o(i.__0sprintf)
    i.__NVIC_GetPriorityGrouping             0x08008b98   Section        0  stm32h7xx_hal_cortex.o(i.__NVIC_GetPriorityGrouping)
    __NVIC_GetPriorityGrouping               0x08008b99   Thumb Code    10  stm32h7xx_hal_cortex.o(i.__NVIC_GetPriorityGrouping)
    i.__NVIC_SetPriority                     0x08008ba8   Section        0  stm32h7xx_hal_cortex.o(i.__NVIC_SetPriority)
    __NVIC_SetPriority                       0x08008ba9   Thumb Code    32  stm32h7xx_hal_cortex.o(i.__NVIC_SetPriority)
    i.__scatterload_copy                     0x08008bd0   Section       14  handlers.o(i.__scatterload_copy)
    i.__scatterload_null                     0x08008bde   Section        2  handlers.o(i.__scatterload_null)
    i.__scatterload_zeroinit                 0x08008be0   Section       14  handlers.o(i.__scatterload_zeroinit)
    i._fp_digits                             0x08008bf0   Section        0  printfa.o(i._fp_digits)
    _fp_digits                               0x08008bf1   Thumb Code   334  printfa.o(i._fp_digits)
    i._printf_core                           0x08008d54   Section        0  printfa.o(i._printf_core)
    _printf_core                             0x08008d55   Thumb Code  1744  printfa.o(i._printf_core)
    i._printf_post_padding                   0x08009430   Section        0  printfa.o(i._printf_post_padding)
    _printf_post_padding                     0x08009431   Thumb Code    36  printfa.o(i._printf_post_padding)
    i._printf_pre_padding                    0x08009454   Section        0  printfa.o(i._printf_pre_padding)
    _printf_pre_padding                      0x08009455   Thumb Code    46  printfa.o(i._printf_pre_padding)
    i._sputc                                 0x08009482   Section        0  printfa.o(i._sputc)
    _sputc                                   0x08009483   Thumb Code    10  printfa.o(i._sputc)
    i.auto_dhcp                              0x0800948c   Section        0  dhcp.o(i.auto_dhcp)
    i.check_DHCP_Timeout                     0x08009548   Section        0  dhcp.o(i.check_DHCP_Timeout)
    i.check_DHCP_state                       0x080095cc   Section        0  dhcp.o(i.check_DHCP_state)
    i.check_leasedIP                         0x08009734   Section        0  dhcp.o(i.check_leasedIP)
    i.close                                  0x08009774   Section        0  socket.o(i.close)
    i.connect                                0x080097a8   Section        0  socket.o(i.connect)
    i.do_tcp_client                          0x080098a0   Section        0  w5500.o(i.do_tcp_client)
    i.fputc                                  0x08009a30   Section        0  main.o(i.fputc)
    i.getGAR                                 0x08009a4c   Section        0  w5500.o(i.getGAR)
    i.getIINCHIP_TxMAX                       0x08009a5c   Section        0  w5500.o(i.getIINCHIP_TxMAX)
    i.getPHYStatus                           0x08009a6c   Section        0  w5500.o(i.getPHYStatus)
    i.getSIPR                                0x08009a78   Section        0  w5500.o(i.getSIPR)
    i.getSUBR                                0x08009a8a   Section        0  w5500.o(i.getSUBR)
    i.getSn_IR                               0x08009a9c   Section        0  w5500.o(i.getSn_IR)
    i.getSn_RX_RSR                           0x08009aae   Section        0  w5500.o(i.getSn_RX_RSR)
    i.getSn_SR                               0x08009b02   Section        0  w5500.o(i.getSn_SR)
    i.getSn_TX_FSR                           0x08009b14   Section        0  w5500.o(i.getSn_TX_FSR)
    i.htonl                                  0x08009b68   Section        0  ult.o(i.htonl)
    i.htons                                  0x08009b74   Section        0  ult.o(i.htons)
    i.iinchip_init                           0x08009b80   Section        0  w5500.o(i.iinchip_init)
    i.init_dhcp_client                       0x08009b8c   Section        0  dhcp.o(i.init_dhcp_client)
    i.main                                   0x08009c00   Section        0  main.o(i.main)
    i.ntohl                                  0x08009e5c   Section        0  ult.o(i.ntohl)
    i.parseDHCPMSG                           0x08009e68   Section        0  dhcp.o(i.parseDHCPMSG)
    i.recv                                   0x08009fd8   Section        0  socket.o(i.recv)
    i.recv_data_processing                   0x0800a01c   Section        0  w5500.o(i.recv_data_processing)
    i.recvfrom                               0x0800a0b0   Section        0  socket.o(i.recvfrom)
    i.reset_DHCP_time                        0x0800a2b0   Section        0  dhcp.o(i.reset_DHCP_time)
    i.send                                   0x0800a2dc   Section        0  socket.o(i.send)
    i.send_DHCP_DISCOVER                     0x0800a3e8   Section        0  dhcp.o(i.send_DHCP_DISCOVER)
    i.send_DHCP_RELEASE_DECLINE              0x0800a6bc   Section        0  dhcp.o(i.send_DHCP_RELEASE_DECLINE)
    i.send_DHCP_REQUEST                      0x0800a958   Section        0  dhcp.o(i.send_DHCP_REQUEST)
    i.send_data_processing                   0x0800ad48   Section        0  w5500.o(i.send_data_processing)
    i.sendto                                 0x0800adb4   Section        0  socket.o(i.sendto)
    i.setGAR                                 0x0800aec0   Section        0  w5500.o(i.setGAR)
    i.setMR                                  0x0800aed0   Section        0  w5500.o(i.setMR)
    i.setSHAR                                0x0800aede   Section        0  w5500.o(i.setSHAR)
    i.setSIPR                                0x0800aef0   Section        0  w5500.o(i.setSIPR)
    i.setSUBR                                0x0800af02   Section        0  w5500.o(i.setSUBR)
    i.setSn_IR                               0x0800af14   Section        0  w5500.o(i.setSn_IR)
    i.set_w5500_ip                           0x0800af2c   Section        0  w5500.o(i.set_w5500_ip)
    i.set_w5500_mac                          0x0800b074   Section        0  w5500.o(i.set_w5500_mac)
    i.setkeepalive                           0x0800b0b0   Section        0  w5500.o(i.setkeepalive)
    i.socket                                 0x0800b0c4   Section        0  socket.o(i.socket)
    i.software                               0x0800b188   Section        0  main.o(i.software)
    i.swapl                                  0x0800b1d4   Section        0  ult.o(i.swapl)
    i.swaps                                  0x0800b1f0   Section        0  ult.o(i.swaps)
    i.sysinit                                0x0800b200   Section        0  w5500.o(i.sysinit)
    i.u32_to_u8                              0x0800b340   Section        0  w5500.o(i.u32_to_u8)
    i.w5500_check                            0x0800b370   Section        0  w5500.o(i.w5500_check)
    i.wiz_read_buf                           0x0800b424   Section        0  w5500.o(i.wiz_read_buf)
    i.wiz_write_buf                          0x0800b48c   Section        0  w5500.o(i.wiz_write_buf)
    .constdata                               0x0800b4f4   Section        8  stm32h7xx_hal_dma.o(.constdata)
    flagBitshiftOffset                       0x0800b4f4   Data           8  stm32h7xx_hal_dma.o(.constdata)
    .constdata                               0x0800b4fc   Section       16  system_stm32h7xx.o(.constdata)
    .conststring                             0x0800b50c   Section        5  dhcp.o(.conststring)
    .data                                    0x20000000   Section        4  socket.o(.data)
    local_port                               0x20000000   Data           2  socket.o(.data)
    .data                                    0x20000008   Section       96  w5500.o(.data)
    I_STATUS                                 0x2000004c   Data           1  w5500.o(.data)
    SSIZE                                    0x2000004e   Data           2  w5500.o(.data)
    RSIZE                                    0x20000050   Data           2  w5500.o(.data)
    .data                                    0x20000068   Section       11  main.o(.data)
    .data                                    0x20000074   Section       68  dhcp.o(.data)
    .data                                    0x200000b8   Section        9  stm32h7xx_hal.o(.data)
    .data                                    0x200000c4   Section        8  system_stm32h7xx.o(.data)
    .data                                    0x200000cc   Section        4  stdout.o(.data)
    .bss                                     0x200000d0   Section     2140  w5500.o(.bss)
    .bss                                     0x2000092c   Section      624  main.o(.bss)
    .bss                                     0x20000b9c   Section     1046  dhcp.o(.bss)
    STACK                                    0x20000fb8   Section     1024  startup_stm32h743xx.o(STACK)
    .ARM.__at_0x24000000                     0x24000000   Section       24  main.o(.ARM.__at_0x24000000)

    Global Symbols

    Symbol Name                              Value     Ov Type        Size  Object(Section)

    BuildAttributes$$THM_ISAv4$E$P$D$K$B$S$7EM$VFPv5_D16$PE$PLD8$A:L22UL41UL21$X:L11$S22US41US21$IEEE1$IW$USESV6$~STKCKD$USESV7$~SHL$OSPACE$ROPI$EBA8$MICROLIB$REQ8$PRES8$EABIv2 0x00000000   Number         0  anon$$obj.o ABSOLUTE
    __ARM_use_no_argv                        0x00000000   Number         0  main.o ABSOLUTE
    _printf_a                                0x00000000   Number         0  stubs.o ABSOLUTE
    _printf_c                                0x00000000   Number         0  stubs.o ABSOLUTE
    _printf_charcount                        0x00000000   Number         0  stubs.o ABSOLUTE
    _printf_d                                0x00000000   Number         0  stubs.o ABSOLUTE
    _printf_e                                0x00000000   Number         0  stubs.o ABSOLUTE
    _printf_f                                0x00000000   Number         0  stubs.o ABSOLUTE
    _printf_flags                            0x00000000   Number         0  stubs.o ABSOLUTE
    _printf_fp_dec                           0x00000000   Number         0  stubs.o ABSOLUTE
    _printf_fp_hex                           0x00000000   Number         0  stubs.o ABSOLUTE
    _printf_g                                0x00000000   Number         0  stubs.o ABSOLUTE
    _printf_i                                0x00000000   Number         0  stubs.o ABSOLUTE
    _printf_int_dec                          0x00000000   Number         0  stubs.o ABSOLUTE
    _printf_l                                0x00000000   Number         0  stubs.o ABSOLUTE
    _printf_lc                               0x00000000   Number         0  stubs.o ABSOLUTE
    _printf_ll                               0x00000000   Number         0  stubs.o ABSOLUTE
    _printf_lld                              0x00000000   Number         0  stubs.o ABSOLUTE
    _printf_lli                              0x00000000   Number         0  stubs.o ABSOLUTE
    _printf_llo                              0x00000000   Number         0  stubs.o ABSOLUTE
    _printf_llu                              0x00000000   Number         0  stubs.o ABSOLUTE
    _printf_llx                              0x00000000   Number         0  stubs.o ABSOLUTE
    _printf_longlong_dec                     0x00000000   Number         0  stubs.o ABSOLUTE
    _printf_longlong_hex                     0x00000000   Number         0  stubs.o ABSOLUTE
    _printf_longlong_oct                     0x00000000   Number         0  stubs.o ABSOLUTE
    _printf_ls                               0x00000000   Number         0  stubs.o ABSOLUTE
    _printf_mbtowc                           0x00000000   Number         0  stubs.o ABSOLUTE
    _printf_n                                0x00000000   Number         0  stubs.o ABSOLUTE
    _printf_o                                0x00000000   Number         0  stubs.o ABSOLUTE
    _printf_p                                0x00000000   Number         0  stubs.o ABSOLUTE
    _printf_percent                          0x00000000   Number         0  stubs.o ABSOLUTE
    _printf_pre_padding                      0x00000000   Number         0  stubs.o ABSOLUTE
    _printf_return_value                     0x00000000   Number         0  stubs.o ABSOLUTE
    _printf_s                                0x00000000   Number         0  stubs.o ABSOLUTE
    _printf_sizespec                         0x00000000   Number         0  stubs.o ABSOLUTE
    _printf_str                              0x00000000   Number         0  stubs.o ABSOLUTE
    _printf_truncate_signed                  0x00000000   Number         0  stubs.o ABSOLUTE
    _printf_truncate_unsigned                0x00000000   Number         0  stubs.o ABSOLUTE
    _printf_u                                0x00000000   Number         0  stubs.o ABSOLUTE
    _printf_wc                               0x00000000   Number         0  stubs.o ABSOLUTE
    _printf_wctomb                           0x00000000   Number         0  stubs.o ABSOLUTE
    _printf_widthprec                        0x00000000   Number         0  stubs.o ABSOLUTE
    _printf_x                                0x00000000   Number         0  stubs.o ABSOLUTE
    __cpp_initialize__aeabi_                  - Undefined Weak Reference
    __cxa_finalize                            - Undefined Weak Reference
    __decompress                              - Undefined Weak Reference
    _clock_init                               - Undefined Weak Reference
    _microlib_exit                            - Undefined Weak Reference
    __Vectors_Size                           0x00000298   Number         0  startup_stm32h743xx.o ABSOLUTE
    __Vectors                                0x08000000   Data           4  startup_stm32h743xx.o(RESET)
    __Vectors_End                            0x08000298   Data           0  startup_stm32h743xx.o(RESET)
    __main                                   0x08000299   Thumb Code     0  entry.o(.ARM.Collect$$$$00000000)
    _main_stk                                0x08000299   Thumb Code     0  entry2.o(.ARM.Collect$$$$00000001)
    _main_scatterload                        0x0800029d   Thumb Code     0  entry5.o(.ARM.Collect$$$$00000004)
    __main_after_scatterload                 0x080002a1   Thumb Code     0  entry5.o(.ARM.Collect$$$$00000004)
    _main_clock                              0x080002a1   Thumb Code     0  entry7b.o(.ARM.Collect$$$$00000008)
    _main_cpp_init                           0x080002a1   Thumb Code     0  entry8b.o(.ARM.Collect$$$$0000000A)
    _main_init                               0x080002a1   Thumb Code     0  entry9a.o(.ARM.Collect$$$$0000000B)
    __rt_final_cpp                           0x080002a9   Thumb Code     0  entry10a.o(.ARM.Collect$$$$0000000D)
    __rt_final_exit                          0x080002a9   Thumb Code     0  entry11a.o(.ARM.Collect$$$$0000000F)
    Reset_Handler                            0x080002ad   Thumb Code     8  startup_stm32h743xx.o(.text)
    ADC3_IRQHandler                          0x080002c7   Thumb Code     0  startup_stm32h743xx.o(.text)
    ADC_IRQHandler                           0x080002c7   Thumb Code     0  startup_stm32h743xx.o(.text)
    BDMA_Channel0_IRQHandler                 0x080002c7   Thumb Code     0  startup_stm32h743xx.o(.text)
    BDMA_Channel1_IRQHandler                 0x080002c7   Thumb Code     0  startup_stm32h743xx.o(.text)
    BDMA_Channel2_IRQHandler                 0x080002c7   Thumb Code     0  startup_stm32h743xx.o(.text)
    BDMA_Channel3_IRQHandler                 0x080002c7   Thumb Code     0  startup_stm32h743xx.o(.text)
    BDMA_Channel4_IRQHandler                 0x080002c7   Thumb Code     0  startup_stm32h743xx.o(.text)
    BDMA_Channel5_IRQHandler                 0x080002c7   Thumb Code     0  startup_stm32h743xx.o(.text)
    BDMA_Channel6_IRQHandler                 0x080002c7   Thumb Code     0  startup_stm32h743xx.o(.text)
    BDMA_Channel7_IRQHandler                 0x080002c7   Thumb Code     0  startup_stm32h743xx.o(.text)
    CEC_IRQHandler                           0x080002c7   Thumb Code     0  startup_stm32h743xx.o(.text)
    COMP1_IRQHandler                         0x080002c7   Thumb Code     0  startup_stm32h743xx.o(.text)
    CRS_IRQHandler                           0x080002c7   Thumb Code     0  startup_stm32h743xx.o(.text)
    DCMI_IRQHandler                          0x080002c7   Thumb Code     0  startup_stm32h743xx.o(.text)
    DFSDM1_FLT0_IRQHandler                   0x080002c7   Thumb Code     0  startup_stm32h743xx.o(.text)
    DFSDM1_FLT1_IRQHandler                   0x080002c7   Thumb Code     0  startup_stm32h743xx.o(.text)
    DFSDM1_FLT2_IRQHandler                   0x080002c7   Thumb Code     0  startup_stm32h743xx.o(.text)
    DFSDM1_FLT3_IRQHandler                   0x080002c7   Thumb Code     0  startup_stm32h743xx.o(.text)
    DMA1_Stream1_IRQHandler                  0x080002c7   Thumb Code     0  startup_stm32h743xx.o(.text)
    DMA1_Stream2_IRQHandler                  0x080002c7   Thumb Code     0  startup_stm32h743xx.o(.text)
    DMA1_Stream3_IRQHandler                  0x080002c7   Thumb Code     0  startup_stm32h743xx.o(.text)
    DMA1_Stream4_IRQHandler                  0x080002c7   Thumb Code     0  startup_stm32h743xx.o(.text)
    DMA1_Stream5_IRQHandler                  0x080002c7   Thumb Code     0  startup_stm32h743xx.o(.text)
    DMA1_Stream6_IRQHandler                  0x080002c7   Thumb Code     0  startup_stm32h743xx.o(.text)
    DMA1_Stream7_IRQHandler                  0x080002c7   Thumb Code     0  startup_stm32h743xx.o(.text)
    DMA2D_IRQHandler                         0x080002c7   Thumb Code     0  startup_stm32h743xx.o(.text)
    DMA2_Stream0_IRQHandler                  0x080002c7   Thumb Code     0  startup_stm32h743xx.o(.text)
    DMA2_Stream1_IRQHandler                  0x080002c7   Thumb Code     0  startup_stm32h743xx.o(.text)
    DMA2_Stream2_IRQHandler                  0x080002c7   Thumb Code     0  startup_stm32h743xx.o(.text)
    DMA2_Stream3_IRQHandler                  0x080002c7   Thumb Code     0  startup_stm32h743xx.o(.text)
    DMA2_Stream4_IRQHandler                  0x080002c7   Thumb Code     0  startup_stm32h743xx.o(.text)
    DMA2_Stream5_IRQHandler                  0x080002c7   Thumb Code     0  startup_stm32h743xx.o(.text)
    DMA2_Stream6_IRQHandler                  0x080002c7   Thumb Code     0  startup_stm32h743xx.o(.text)
    DMA2_Stream7_IRQHandler                  0x080002c7   Thumb Code     0  startup_stm32h743xx.o(.text)
    DMAMUX1_OVR_IRQHandler                   0x080002c7   Thumb Code     0  startup_stm32h743xx.o(.text)
    DMAMUX2_OVR_IRQHandler                   0x080002c7   Thumb Code     0  startup_stm32h743xx.o(.text)
    ECC_IRQHandler                           0x080002c7   Thumb Code     0  startup_stm32h743xx.o(.text)
    ETH_IRQHandler                           0x080002c7   Thumb Code     0  startup_stm32h743xx.o(.text)
    ETH_WKUP_IRQHandler                      0x080002c7   Thumb Code     0  startup_stm32h743xx.o(.text)
    EXTI0_IRQHandler                         0x080002c7   Thumb Code     0  startup_stm32h743xx.o(.text)
    EXTI15_10_IRQHandler                     0x080002c7   Thumb Code     0  startup_stm32h743xx.o(.text)
    EXTI1_IRQHandler                         0x080002c7   Thumb Code     0  startup_stm32h743xx.o(.text)
    EXTI2_IRQHandler                         0x080002c7   Thumb Code     0  startup_stm32h743xx.o(.text)
    EXTI3_IRQHandler                         0x080002c7   Thumb Code     0  startup_stm32h743xx.o(.text)
    EXTI4_IRQHandler                         0x080002c7   Thumb Code     0  startup_stm32h743xx.o(.text)
    EXTI9_5_IRQHandler                       0x080002c7   Thumb Code     0  startup_stm32h743xx.o(.text)
    FDCAN1_IT0_IRQHandler                    0x080002c7   Thumb Code     0  startup_stm32h743xx.o(.text)
    FDCAN1_IT1_IRQHandler                    0x080002c7   Thumb Code     0  startup_stm32h743xx.o(.text)
    FDCAN2_IT0_IRQHandler                    0x080002c7   Thumb Code     0  startup_stm32h743xx.o(.text)
    FDCAN2_IT1_IRQHandler                    0x080002c7   Thumb Code     0  startup_stm32h743xx.o(.text)
    FDCAN_CAL_IRQHandler                     0x080002c7   Thumb Code     0  startup_stm32h743xx.o(.text)
    FLASH_IRQHandler                         0x080002c7   Thumb Code     0  startup_stm32h743xx.o(.text)
    FMC_IRQHandler                           0x080002c7   Thumb Code     0  startup_stm32h743xx.o(.text)
    FPU_IRQHandler                           0x080002c7   Thumb Code     0  startup_stm32h743xx.o(.text)
    HRTIM1_FLT_IRQHandler                    0x080002c7   Thumb Code     0  startup_stm32h743xx.o(.text)
    HRTIM1_Master_IRQHandler                 0x080002c7   Thumb Code     0  startup_stm32h743xx.o(.text)
    HRTIM1_TIMA_IRQHandler                   0x080002c7   Thumb Code     0  startup_stm32h743xx.o(.text)
    HRTIM1_TIMB_IRQHandler                   0x080002c7   Thumb Code     0  startup_stm32h743xx.o(.text)
    HRTIM1_TIMC_IRQHandler                   0x080002c7   Thumb Code     0  startup_stm32h743xx.o(.text)
    HRTIM1_TIMD_IRQHandler                   0x080002c7   Thumb Code     0  startup_stm32h743xx.o(.text)
    HRTIM1_TIME_IRQHandler                   0x080002c7   Thumb Code     0  startup_stm32h743xx.o(.text)
    HSEM1_IRQHandler                         0x080002c7   Thumb Code     0  startup_stm32h743xx.o(.text)
    I2C1_ER_IRQHandler                       0x080002c7   Thumb Code     0  startup_stm32h743xx.o(.text)
    I2C1_EV_IRQHandler                       0x080002c7   Thumb Code     0  startup_stm32h743xx.o(.text)
    I2C2_ER_IRQHandler                       0x080002c7   Thumb Code     0  startup_stm32h743xx.o(.text)
    I2C2_EV_IRQHandler                       0x080002c7   Thumb Code     0  startup_stm32h743xx.o(.text)
    I2C3_ER_IRQHandler                       0x080002c7   Thumb Code     0  startup_stm32h743xx.o(.text)
    I2C3_EV_IRQHandler                       0x080002c7   Thumb Code     0  startup_stm32h743xx.o(.text)
    I2C4_ER_IRQHandler                       0x080002c7   Thumb Code     0  startup_stm32h743xx.o(.text)
    I2C4_EV_IRQHandler                       0x080002c7   Thumb Code     0  startup_stm32h743xx.o(.text)
    JPEG_IRQHandler                          0x080002c7   Thumb Code     0  startup_stm32h743xx.o(.text)
    LPTIM1_IRQHandler                        0x080002c7   Thumb Code     0  startup_stm32h743xx.o(.text)
    LPTIM2_IRQHandler                        0x080002c7   Thumb Code     0  startup_stm32h743xx.o(.text)
    LPTIM3_IRQHandler                        0x080002c7   Thumb Code     0  startup_stm32h743xx.o(.text)
    LPTIM4_IRQHandler                        0x080002c7   Thumb Code     0  startup_stm32h743xx.o(.text)
    LPTIM5_IRQHandler                        0x080002c7   Thumb Code     0  startup_stm32h743xx.o(.text)
    LPUART1_IRQHandler                       0x080002c7   Thumb Code     0  startup_stm32h743xx.o(.text)
    LTDC_ER_IRQHandler                       0x080002c7   Thumb Code     0  startup_stm32h743xx.o(.text)
    LTDC_IRQHandler                          0x080002c7   Thumb Code     0  startup_stm32h743xx.o(.text)
    MDIOS_IRQHandler                         0x080002c7   Thumb Code     0  startup_stm32h743xx.o(.text)
    MDIOS_WKUP_IRQHandler                    0x080002c7   Thumb Code     0  startup_stm32h743xx.o(.text)
    MDMA_IRQHandler                          0x080002c7   Thumb Code     0  startup_stm32h743xx.o(.text)
    OTG_FS_EP1_IN_IRQHandler                 0x080002c7   Thumb Code     0  startup_stm32h743xx.o(.text)
    OTG_FS_EP1_OUT_IRQHandler                0x080002c7   Thumb Code     0  startup_stm32h743xx.o(.text)
    OTG_FS_IRQHandler                        0x080002c7   Thumb Code     0  startup_stm32h743xx.o(.text)
    OTG_FS_WKUP_IRQHandler                   0x080002c7   Thumb Code     0  startup_stm32h743xx.o(.text)
    OTG_HS_EP1_IN_IRQHandler                 0x080002c7   Thumb Code     0  startup_stm32h743xx.o(.text)
    OTG_HS_EP1_OUT_IRQHandler                0x080002c7   Thumb Code     0  startup_stm32h743xx.o(.text)
    OTG_HS_IRQHandler                        0x080002c7   Thumb Code     0  startup_stm32h743xx.o(.text)
    OTG_HS_WKUP_IRQHandler                   0x080002c7   Thumb Code     0  startup_stm32h743xx.o(.text)
    PVD_AVD_IRQHandler                       0x080002c7   Thumb Code     0  startup_stm32h743xx.o(.text)
    QUADSPI_IRQHandler                       0x080002c7   Thumb Code     0  startup_stm32h743xx.o(.text)
    RCC_IRQHandler                           0x080002c7   Thumb Code     0  startup_stm32h743xx.o(.text)
    RNG_IRQHandler                           0x080002c7   Thumb Code     0  startup_stm32h743xx.o(.text)
    RTC_Alarm_IRQHandler                     0x080002c7   Thumb Code     0  startup_stm32h743xx.o(.text)
    RTC_WKUP_IRQHandler                      0x080002c7   Thumb Code     0  startup_stm32h743xx.o(.text)
    SAI1_IRQHandler                          0x080002c7   Thumb Code     0  startup_stm32h743xx.o(.text)
    SAI2_IRQHandler                          0x080002c7   Thumb Code     0  startup_stm32h743xx.o(.text)
    SAI3_IRQHandler                          0x080002c7   Thumb Code     0  startup_stm32h743xx.o(.text)
    SAI4_IRQHandler                          0x080002c7   Thumb Code     0  startup_stm32h743xx.o(.text)
    SDMMC1_IRQHandler                        0x080002c7   Thumb Code     0  startup_stm32h743xx.o(.text)
    SDMMC2_IRQHandler                        0x080002c7   Thumb Code     0  startup_stm32h743xx.o(.text)
    SPDIF_RX_IRQHandler                      0x080002c7   Thumb Code     0  startup_stm32h743xx.o(.text)
    SPI1_IRQHandler                          0x080002c7   Thumb Code     0  startup_stm32h743xx.o(.text)
    SPI2_IRQHandler                          0x080002c7   Thumb Code     0  startup_stm32h743xx.o(.text)
    SPI3_IRQHandler                          0x080002c7   Thumb Code     0  startup_stm32h743xx.o(.text)
    SPI4_IRQHandler                          0x080002c7   Thumb Code     0  startup_stm32h743xx.o(.text)
    SPI5_IRQHandler                          0x080002c7   Thumb Code     0  startup_stm32h743xx.o(.text)
    SPI6_IRQHandler                          0x080002c7   Thumb Code     0  startup_stm32h743xx.o(.text)
    SWPMI1_IRQHandler                        0x080002c7   Thumb Code     0  startup_stm32h743xx.o(.text)
    TAMP_STAMP_IRQHandler                    0x080002c7   Thumb Code     0  startup_stm32h743xx.o(.text)
    TIM15_IRQHandler                         0x080002c7   Thumb Code     0  startup_stm32h743xx.o(.text)
    TIM16_IRQHandler                         0x080002c7   Thumb Code     0  startup_stm32h743xx.o(.text)
    TIM17_IRQHandler                         0x080002c7   Thumb Code     0  startup_stm32h743xx.o(.text)
    TIM1_BRK_IRQHandler                      0x080002c7   Thumb Code     0  startup_stm32h743xx.o(.text)
    TIM1_CC_IRQHandler                       0x080002c7   Thumb Code     0  startup_stm32h743xx.o(.text)
    TIM1_TRG_COM_IRQHandler                  0x080002c7   Thumb Code     0  startup_stm32h743xx.o(.text)
    TIM1_UP_IRQHandler                       0x080002c7   Thumb Code     0  startup_stm32h743xx.o(.text)
    TIM3_IRQHandler                          0x080002c7   Thumb Code     0  startup_stm32h743xx.o(.text)
    TIM4_IRQHandler                          0x080002c7   Thumb Code     0  startup_stm32h743xx.o(.text)
    TIM5_IRQHandler                          0x080002c7   Thumb Code     0  startup_stm32h743xx.o(.text)
    TIM6_DAC_IRQHandler                      0x080002c7   Thumb Code     0  startup_stm32h743xx.o(.text)
    TIM7_IRQHandler                          0x080002c7   Thumb Code     0  startup_stm32h743xx.o(.text)
    TIM8_BRK_TIM12_IRQHandler                0x080002c7   Thumb Code     0  startup_stm32h743xx.o(.text)
    TIM8_CC_IRQHandler                       0x080002c7   Thumb Code     0  startup_stm32h743xx.o(.text)
    TIM8_TRG_COM_TIM14_IRQHandler            0x080002c7   Thumb Code     0  startup_stm32h743xx.o(.text)
    UART4_IRQHandler                         0x080002c7   Thumb Code     0  startup_stm32h743xx.o(.text)
    UART5_IRQHandler                         0x080002c7   Thumb Code     0  startup_stm32h743xx.o(.text)
    UART7_IRQHandler                         0x080002c7   Thumb Code     0  startup_stm32h743xx.o(.text)
    UART8_IRQHandler                         0x080002c7   Thumb Code     0  startup_stm32h743xx.o(.text)
    USART1_IRQHandler                        0x080002c7   Thumb Code     0  startup_stm32h743xx.o(.text)
    USART2_IRQHandler                        0x080002c7   Thumb Code     0  startup_stm32h743xx.o(.text)
    USART3_IRQHandler                        0x080002c7   Thumb Code     0  startup_stm32h743xx.o(.text)
    USART6_IRQHandler                        0x080002c7   Thumb Code     0  startup_stm32h743xx.o(.text)
    WAKEUP_PIN_IRQHandler                    0x080002c7   Thumb Code     0  startup_stm32h743xx.o(.text)
    WWDG_IRQHandler                          0x080002c7   Thumb Code     0  startup_stm32h743xx.o(.text)
    __aeabi_uldivmod                         0x080002d1   Thumb Code    98  uldiv.o(.text)
    __aeabi_memcpy                           0x08000333   Thumb Code    36  memcpya.o(.text)
    __aeabi_memcpy4                          0x08000333   Thumb Code     0  memcpya.o(.text)
    __aeabi_memcpy8                          0x08000333   Thumb Code     0  memcpya.o(.text)
    __aeabi_memset                           0x08000357   Thumb Code    14  memseta.o(.text)
    __aeabi_memset4                          0x08000357   Thumb Code     0  memseta.o(.text)
    __aeabi_memset8                          0x08000357   Thumb Code     0  memseta.o(.text)
    __aeabi_memclr                           0x08000365   Thumb Code     4  memseta.o(.text)
    __aeabi_memclr4                          0x08000365   Thumb Code     0  memseta.o(.text)
    __aeabi_memclr8                          0x08000365   Thumb Code     0  memseta.o(.text)
    _memset$wrapper                          0x08000369   Thumb Code    18  memseta.o(.text)
    strlen                                   0x0800037b   Thumb Code    14  strlen.o(.text)
    memcmp                                   0x08000389   Thumb Code    26  memcmp.o(.text)
    strcpy                                   0x080003a3   Thumb Code    18  strcpy.o(.text)
    __aeabi_uidiv                            0x080003b5   Thumb Code     0  uidiv.o(.text)
    __aeabi_uidivmod                         0x080003b5   Thumb Code    44  uidiv.o(.text)
    __aeabi_llsl                             0x080003e1   Thumb Code    30  llshl.o(.text)
    _ll_shift_l                              0x080003e1   Thumb Code     0  llshl.o(.text)
    __aeabi_llsr                             0x080003ff   Thumb Code    32  llushr.o(.text)
    _ll_ushift_r                             0x080003ff   Thumb Code     0  llushr.o(.text)
    __I$use$fp                               0x0800041f   Thumb Code     0  iusefp.o(.text)
    __aeabi_dadd                             0x0800041f   Thumb Code   322  dadd.o(.text)
    __aeabi_dsub                             0x08000561   Thumb Code     6  dadd.o(.text)
    __aeabi_drsub                            0x08000567   Thumb Code     6  dadd.o(.text)
    __aeabi_dmul                             0x0800056d   Thumb Code   228  dmul.o(.text)
    __aeabi_ddiv                             0x08000651   Thumb Code   222  ddiv.o(.text)
    __aeabi_d2ulz                            0x0800072f   Thumb Code    48  dfixul.o(.text)
    __aeabi_cdrcmple                         0x08000761   Thumb Code    48  cdrcmple.o(.text)
    __scatterload                            0x08000791   Thumb Code    28  init.o(.text)
    __scatterload_rt2                        0x08000791   Thumb Code     0  init.o(.text)
    __aeabi_lasr                             0x080007b5   Thumb Code    36  llsshr.o(.text)
    _ll_sshift_r                             0x080007b5   Thumb Code     0  llsshr.o(.text)
    _double_round                            0x080007d9   Thumb Code    30  depilogue.o(.text)
    _double_epilogue                         0x080007f7   Thumb Code   156  depilogue.o(.text)
    ADC_ConfigureBoostMode                   0x08000895   Thumb Code   332  stm32h7xx_hal_adc.o(i.ADC_ConfigureBoostMode)
    ADC_DMAConvCplt                          0x080009fd   Thumb Code   146  stm32h7xx_hal_adc.o(i.ADC_DMAConvCplt)
    ADC_DMAError                             0x08000a8f   Thumb Code    30  stm32h7xx_hal_adc.o(i.ADC_DMAError)
    ADC_DMAHalfConvCplt                      0x08000aad   Thumb Code    14  stm32h7xx_hal_adc.o(i.ADC_DMAHalfConvCplt)
    ADC_Enable                               0x08000abd   Thumb Code   172  stm32h7xx_hal_adc.o(i.ADC_Enable)
    BusFault_Handler                         0x08000b7d   Thumb Code     4  stm32h7xx_it.o(i.BusFault_Handler)
    DMA1_Stream0_IRQHandler                  0x08000b81   Thumb Code    10  stm32h7xx_it.o(i.DMA1_Stream0_IRQHandler)
    DebugMon_Handler                         0x08001009   Thumb Code     2  stm32h7xx_it.o(i.DebugMon_Handler)
    Error_Handler                            0x0800100b   Thumb Code     2  main.o(i.Error_Handler)
    GetLockCode                              0x0800100d   Thumb Code   106  w5500.o(i.GetLockCode)
    HAL_ADCEx_MultiModeConfigChannel         0x080010a1   Thumb Code   330  stm32h7xx_hal_adc_ex.o(i.HAL_ADCEx_MultiModeConfigChannel)
    HAL_ADC_ConfigChannel                    0x08001201   Thumb Code  1300  stm32h7xx_hal_adc.o(i.HAL_ADC_ConfigChannel)
    HAL_ADC_ConvCpltCallback                 0x0800173d   Thumb Code    20  main.o(i.HAL_ADC_ConvCpltCallback)
    HAL_ADC_ConvHalfCpltCallback             0x08001759   Thumb Code    14  main.o(i.HAL_ADC_ConvHalfCpltCallback)
    HAL_ADC_ErrorCallback                    0x0800176d   Thumb Code     2  stm32h7xx_hal_adc.o(i.HAL_ADC_ErrorCallback)
    HAL_ADC_Init                             0x08001771   Thumb Code   606  stm32h7xx_hal_adc.o(i.HAL_ADC_Init)
    HAL_ADC_MspInit                          0x080019fd   Thumb Code   264  stm32h7xx_hal_msp.o(i.HAL_ADC_MspInit)
    HAL_ADC_Start_DMA                        0x08001b21   Thumb Code   262  stm32h7xx_hal_adc.o(i.HAL_ADC_Start_DMA)
    HAL_DMA_IRQHandler                       0x08001c45   Thumb Code  2800  stm32h7xx_hal_dma.o(i.HAL_DMA_IRQHandler)
    HAL_DMA_Init                             0x0800273d   Thumb Code   872  stm32h7xx_hal_dma.o(i.HAL_DMA_Init)
    HAL_DMA_Start_IT                         0x08002ab9   Thumb Code   738  stm32h7xx_hal_dma.o(i.HAL_DMA_Start_IT)
    HAL_Delay                                0x08002da5   Thumb Code    36  stm32h7xx_hal.o(i.HAL_Delay)
    HAL_GPIO_Init                            0x08002dcd   Thumb Code   468  stm32h7xx_hal_gpio.o(i.HAL_GPIO_Init)
    HAL_GPIO_WritePin                        0x08002fd5   Thumb Code    12  stm32h7xx_hal_gpio.o(i.HAL_GPIO_WritePin)
    HAL_GetREVID                             0x08002fe1   Thumb Code     8  stm32h7xx_hal.o(i.HAL_GetREVID)
    HAL_GetTick                              0x08002fed   Thumb Code     6  stm32h7xx_hal.o(i.HAL_GetTick)
    HAL_GetUIDw0                             0x08002ff9   Thumb Code     6  stm32h7xx_hal.o(i.HAL_GetUIDw0)
    HAL_GetUIDw1                             0x08003005   Thumb Code     6  stm32h7xx_hal.o(i.HAL_GetUIDw1)
    HAL_GetUIDw2                             0x08003011   Thumb Code     6  stm32h7xx_hal.o(i.HAL_GetUIDw2)
    HAL_IncTick                              0x0800301d   Thumb Code    16  stm32h7xx_hal.o(i.HAL_IncTick)
    HAL_Init                                 0x08003035   Thumb Code    80  stm32h7xx_hal.o(i.HAL_Init)
    HAL_InitTick                             0x08003095   Thumb Code    74  stm32h7xx_hal.o(i.HAL_InitTick)
    HAL_MPU_ConfigRegion                     0x080030ed   Thumb Code    88  stm32h7xx_hal_cortex.o(i.HAL_MPU_ConfigRegion)
    HAL_MPU_Disable                          0x08003149   Thumb Code    38  stm32h7xx_hal_cortex.o(i.HAL_MPU_Disable)
    HAL_MPU_Enable                           0x08003175   Thumb Code    58  stm32h7xx_hal_cortex.o(i.HAL_MPU_Enable)
    HAL_MspInit                              0x080031b5   Thumb Code    32  stm32h7xx_hal_msp.o(i.HAL_MspInit)
    HAL_NVIC_EnableIRQ                       0x080031d9   Thumb Code    32  stm32h7xx_hal_cortex.o(i.HAL_NVIC_EnableIRQ)
    HAL_NVIC_SetPriority                     0x080031f9   Thumb Code   122  stm32h7xx_hal_cortex.o(i.HAL_NVIC_SetPriority)
    HAL_NVIC_SetPriorityGrouping             0x08003275   Thumb Code    32  stm32h7xx_hal_cortex.o(i.HAL_NVIC_SetPriorityGrouping)
    HAL_PWREx_ConfigSupply                   0x0800329d   Thumb Code    86  stm32h7xx_hal_pwr_ex.o(i.HAL_PWREx_ConfigSupply)
    HAL_RCCEx_GetD1SysClockFreq              0x080032f9   Thumb Code    34  stm32h7xx_hal_rcc_ex.o(i.HAL_RCCEx_GetD1SysClockFreq)
    HAL_RCCEx_GetD3PCLK1Freq                 0x08003329   Thumb Code    26  stm32h7xx_hal_rcc_ex.o(i.HAL_RCCEx_GetD3PCLK1Freq)
    HAL_RCCEx_GetPLL1ClockFreq               0x0800334d   Thumb Code   536  stm32h7xx_hal_rcc_ex.o(i.HAL_RCCEx_GetPLL1ClockFreq)
    HAL_RCCEx_GetPLL2ClockFreq               0x0800357d   Thumb Code   536  stm32h7xx_hal_rcc_ex.o(i.HAL_RCCEx_GetPLL2ClockFreq)
    HAL_RCCEx_GetPLL3ClockFreq               0x080037ad   Thumb Code   536  stm32h7xx_hal_rcc_ex.o(i.HAL_RCCEx_GetPLL3ClockFreq)
    HAL_RCCEx_GetPeriphCLKFreq               0x080039dd   Thumb Code   790  stm32h7xx_hal_rcc_ex.o(i.HAL_RCCEx_GetPeriphCLKFreq)
    HAL_RCCEx_PeriphCLKConfig                0x08003d09   Thumb Code  2880  stm32h7xx_hal_rcc_ex.o(i.HAL_RCCEx_PeriphCLKConfig)
    HAL_RCC_ClockConfig                      0x0800484d   Thumb Code   748  stm32h7xx_hal_rcc.o(i.HAL_RCC_ClockConfig)
    HAL_RCC_GetHCLKFreq                      0x08004b4d   Thumb Code    34  stm32h7xx_hal_rcc.o(i.HAL_RCC_GetHCLKFreq)
    HAL_RCC_GetPCLK1Freq                     0x08004b7d   Thumb Code    26  stm32h7xx_hal_rcc.o(i.HAL_RCC_GetPCLK1Freq)
    HAL_RCC_GetPCLK2Freq                     0x08004ba1   Thumb Code    26  stm32h7xx_hal_rcc.o(i.HAL_RCC_GetPCLK2Freq)
    HAL_RCC_GetSysClockFreq                  0x08004bc5   Thumb Code   524  stm32h7xx_hal_rcc.o(i.HAL_RCC_GetSysClockFreq)
    HAL_RCC_OscConfig                        0x08004df1   Thumb Code  1854  stm32h7xx_hal_rcc.o(i.HAL_RCC_OscConfig)
    HAL_SPI_Init                             0x08005539   Thumb Code   354  stm32h7xx_hal_spi.o(i.HAL_SPI_Init)
    HAL_SPI_MspInit                          0x080056a9   Thumb Code   114  stm32h7xx_hal_msp.o(i.HAL_SPI_MspInit)
    HAL_SPI_TransmitReceive                  0x08005729   Thumb Code  1020  stm32h7xx_hal_spi.o(i.HAL_SPI_TransmitReceive)
    HAL_SYSTICK_Config                       0x08005b25   Thumb Code    52  stm32h7xx_hal_cortex.o(i.HAL_SYSTICK_Config)
    HAL_TIMEx_Break2Callback                 0x08005b59   Thumb Code     2  stm32h7xx_hal_tim_ex.o(i.HAL_TIMEx_Break2Callback)
    HAL_TIMEx_BreakCallback                  0x08005b5b   Thumb Code     2  stm32h7xx_hal_tim_ex.o(i.HAL_TIMEx_BreakCallback)
    HAL_TIMEx_CommutCallback                 0x08005b5d   Thumb Code     2  stm32h7xx_hal_tim_ex.o(i.HAL_TIMEx_CommutCallback)
    HAL_TIMEx_MasterConfigSynchronization    0x08005b61   Thumb Code   110  stm32h7xx_hal_tim_ex.o(i.HAL_TIMEx_MasterConfigSynchronization)
    HAL_TIM_Base_Init                        0x08005bd9   Thumb Code    52  stm32h7xx_hal_tim.o(i.HAL_TIM_Base_Init)
    HAL_TIM_Base_MspInit                     0x08005c0d   Thumb Code   116  stm32h7xx_hal_msp.o(i.HAL_TIM_Base_MspInit)
    HAL_TIM_Base_Start_IT                    0x08005c89   Thumb Code    50  stm32h7xx_hal_tim.o(i.HAL_TIM_Base_Start_IT)
    HAL_TIM_ConfigClockSource                0x08005cc1   Thumb Code   300  stm32h7xx_hal_tim.o(i.HAL_TIM_ConfigClockSource)
    HAL_TIM_IC_CaptureCallback               0x08005df1   Thumb Code     2  stm32h7xx_hal_tim.o(i.HAL_TIM_IC_CaptureCallback)
    HAL_TIM_IRQHandler                       0x08005df3   Thumb Code   440  stm32h7xx_hal_tim.o(i.HAL_TIM_IRQHandler)
    HAL_TIM_OC_DelayElapsedCallback          0x08005fab   Thumb Code     2  stm32h7xx_hal_tim.o(i.HAL_TIM_OC_DelayElapsedCallback)
    HAL_TIM_PWM_PulseFinishedCallback        0x08005fad   Thumb Code     2  stm32h7xx_hal_tim.o(i.HAL_TIM_PWM_PulseFinishedCallback)
    HAL_TIM_PeriodElapsedCallback            0x08005fb1   Thumb Code    62  main.o(i.HAL_TIM_PeriodElapsedCallback)
    HAL_TIM_TriggerCallback                  0x08005ffd   Thumb Code     2  stm32h7xx_hal_tim.o(i.HAL_TIM_TriggerCallback)
    HAL_UARTEx_DisableFifoMode               0x08005fff   Thumb Code    78  stm32h7xx_hal_uart_ex.o(i.HAL_UARTEx_DisableFifoMode)
    HAL_UARTEx_SetRxFifoThreshold            0x0800604d   Thumb Code    94  stm32h7xx_hal_uart_ex.o(i.HAL_UARTEx_SetRxFifoThreshold)
    HAL_UARTEx_SetTxFifoThreshold            0x080060ab   Thumb Code    94  stm32h7xx_hal_uart_ex.o(i.HAL_UARTEx_SetTxFifoThreshold)
    HAL_UART_Init                            0x08006109   Thumb Code   120  stm32h7xx_hal_uart.o(i.HAL_UART_Init)
    HAL_UART_MspInit                         0x08006181   Thumb Code   112  stm32h7xx_hal_msp.o(i.HAL_UART_MspInit)
    HAL_UART_Transmit                        0x080061fd   Thumb Code   212  stm32h7xx_hal_uart.o(i.HAL_UART_Transmit)
    HardFault_Handler                        0x080062d1   Thumb Code     4  stm32h7xx_it.o(i.HardFault_Handler)
    IINCHIP_CSoff                            0x080062d5   Thumb Code    16  w5500.o(i.IINCHIP_CSoff)
    IINCHIP_CSon                             0x080062e9   Thumb Code    14  w5500.o(i.IINCHIP_CSon)
    IINCHIP_READ                             0x080062fd   Thumb Code    50  w5500.o(i.IINCHIP_READ)
    IINCHIP_SpiSendData                      0x0800632f   Thumb Code    12  w5500.o(i.IINCHIP_SpiSendData)
    IINCHIP_WRITE                            0x0800633b   Thumb Code    50  w5500.o(i.IINCHIP_WRITE)
    MemManage_Handler                        0x080068ed   Thumb Code     4  stm32h7xx_it.o(i.MemManage_Handler)
    NMI_Handler                              0x080068f1   Thumb Code     2  stm32h7xx_it.o(i.NMI_Handler)
    PendSV_Handler                           0x080068f3   Thumb Code     2  stm32h7xx_it.o(i.PendSV_Handler)
    Reset_W5500                              0x08006bbd   Thumb Code    42  w5500.o(i.Reset_W5500)
    SPI2_SendByte                            0x08006d51   Thumb Code    28  w5500.o(i.SPI2_SendByte)
    SVC_Handler                              0x08006ea1   Thumb Code     2  stm32h7xx_it.o(i.SVC_Handler)
    SysTick_Handler                          0x08006ea3   Thumb Code     8  stm32h7xx_it.o(i.SysTick_Handler)
    SystemClock_Config                       0x08006ead   Thumb Code   242  main.o(i.SystemClock_Config)
    SystemInit                               0x08006fad   Thumb Code   146  system_stm32h7xx.o(i.SystemInit)
    TIM2_IRQHandler                          0x08007055   Thumb Code    10  stm32h7xx_it.o(i.TIM2_IRQHandler)
    TIM8_UP_TIM13_IRQHandler                 0x08007065   Thumb Code    10  stm32h7xx_it.o(i.TIM8_UP_TIM13_IRQHandler)
    TIM_Base_SetConfig                       0x08007075   Thumb Code   170  stm32h7xx_hal_tim.o(i.TIM_Base_SetConfig)
    TIM_ETR_SetConfig                        0x08007141   Thumb Code    22  stm32h7xx_hal_tim.o(i.TIM_ETR_SetConfig)
    UART_AdvFeatureConfig                    0x08007231   Thumb Code   248  stm32h7xx_hal_uart.o(i.UART_AdvFeatureConfig)
    UART_CheckIdleState                      0x08007329   Thumb Code   116  stm32h7xx_hal_uart.o(i.UART_CheckIdleState)
    UART_SetConfig                           0x0800739d   Thumb Code  5860  stm32h7xx_hal_uart.o(i.UART_SetConfig)
    UART_WaitOnFlagUntilTimeout              0x08008a8d   Thumb Code   190  stm32h7xx_hal_uart.o(i.UART_WaitOnFlagUntilTimeout)
    UsageFault_Handler                       0x08008b4b   Thumb Code     4  stm32h7xx_it.o(i.UsageFault_Handler)
    __0printf                                0x08008b51   Thumb Code    22  printfa.o(i.__0printf)
    __1printf                                0x08008b51   Thumb Code     0  printfa.o(i.__0printf)
    __2printf                                0x08008b51   Thumb Code     0  printfa.o(i.__0printf)
    __c89printf                              0x08008b51   Thumb Code     0  printfa.o(i.__0printf)
    printf                                   0x08008b51   Thumb Code     0  printfa.o(i.__0printf)
    __0sprintf                               0x08008b71   Thumb Code    34  printfa.o(i.__0sprintf)
    __1sprintf                               0x08008b71   Thumb Code     0  printfa.o(i.__0sprintf)
    __2sprintf                               0x08008b71   Thumb Code     0  printfa.o(i.__0sprintf)
    __c89sprintf                             0x08008b71   Thumb Code     0  printfa.o(i.__0sprintf)
    sprintf                                  0x08008b71   Thumb Code     0  printfa.o(i.__0sprintf)
    __scatterload_copy                       0x08008bd1   Thumb Code    14  handlers.o(i.__scatterload_copy)
    __scatterload_null                       0x08008bdf   Thumb Code     2  handlers.o(i.__scatterload_null)
    __scatterload_zeroinit                   0x08008be1   Thumb Code    14  handlers.o(i.__scatterload_zeroinit)
    auto_dhcp                                0x0800948d   Thumb Code    92  dhcp.o(i.auto_dhcp)
    check_DHCP_Timeout                       0x08009549   Thumb Code   110  dhcp.o(i.check_DHCP_Timeout)
    check_DHCP_state                         0x080095cd   Thumb Code   328  dhcp.o(i.check_DHCP_state)
    check_leasedIP                           0x08009735   Thumb Code    38  dhcp.o(i.check_leasedIP)
    close                                    0x08009775   Thumb Code    52  socket.o(i.close)
    connect                                  0x080097a9   Thumb Code   248  socket.o(i.connect)
    do_tcp_client                            0x080098a1   Thumb Code   264  w5500.o(i.do_tcp_client)
    fputc                                    0x08009a31   Thumb Code    22  main.o(i.fputc)
    getGAR                                   0x08009a4d   Thumb Code    16  w5500.o(i.getGAR)
    getIINCHIP_TxMAX                         0x08009a5d   Thumb Code    10  w5500.o(i.getIINCHIP_TxMAX)
    getPHYStatus                             0x08009a6d   Thumb Code    12  w5500.o(i.getPHYStatus)
    getSIPR                                  0x08009a79   Thumb Code    18  w5500.o(i.getSIPR)
    getSUBR                                  0x08009a8b   Thumb Code    18  w5500.o(i.getSUBR)
    getSn_IR                                 0x08009a9d   Thumb Code    18  w5500.o(i.getSn_IR)
    getSn_RX_RSR                             0x08009aaf   Thumb Code    84  w5500.o(i.getSn_RX_RSR)
    getSn_SR                                 0x08009b03   Thumb Code    18  w5500.o(i.getSn_SR)
    getSn_TX_FSR                             0x08009b15   Thumb Code    84  w5500.o(i.getSn_TX_FSR)
    htonl                                    0x08009b69   Thumb Code    12  ult.o(i.htonl)
    htons                                    0x08009b75   Thumb Code    12  ult.o(i.htons)
    iinchip_init                             0x08009b81   Thumb Code    10  w5500.o(i.iinchip_init)
    init_dhcp_client                         0x08009b8d   Thumb Code    82  dhcp.o(i.init_dhcp_client)
    main                                     0x08009c01   Thumb Code   460  main.o(i.main)
    ntohl                                    0x08009e5d   Thumb Code    12  ult.o(i.ntohl)
    parseDHCPMSG                             0x08009e69   Thumb Code   326  dhcp.o(i.parseDHCPMSG)
    recv                                     0x08009fd9   Thumb Code    66  socket.o(i.recv)
    recv_data_processing                     0x0800a01d   Thumb Code   116  w5500.o(i.recv_data_processing)
    recvfrom                                 0x0800a0b1   Thumb Code   486  socket.o(i.recvfrom)
    reset_DHCP_time                          0x0800a2b1   Thumb Code    28  dhcp.o(i.reset_DHCP_time)
    send                                     0x0800a2dd   Thumb Code   228  socket.o(i.send)
    send_DHCP_DISCOVER                       0x0800a3e9   Thumb Code   680  dhcp.o(i.send_DHCP_DISCOVER)
    send_DHCP_RELEASE_DECLINE                0x0800a6bd   Thumb Code   648  dhcp.o(i.send_DHCP_RELEASE_DECLINE)
    send_DHCP_REQUEST                        0x0800a959   Thumb Code   956  dhcp.o(i.send_DHCP_REQUEST)
    send_data_processing                     0x0800ad49   Thumb Code   108  w5500.o(i.send_data_processing)
    sendto                                   0x0800adb5   Thumb Code   268  socket.o(i.sendto)
    setGAR                                   0x0800aec1   Thumb Code    16  w5500.o(i.setGAR)
    setMR                                    0x0800aed1   Thumb Code    14  w5500.o(i.setMR)
    setSHAR                                  0x0800aedf   Thumb Code    18  w5500.o(i.setSHAR)
    setSIPR                                  0x0800aef1   Thumb Code    18  w5500.o(i.setSIPR)
    setSUBR                                  0x0800af03   Thumb Code    18  w5500.o(i.setSUBR)
    setSn_IR                                 0x0800af15   Thumb Code    22  w5500.o(i.setSn_IR)
    set_w5500_ip                             0x0800af2d   Thumb Code   166  w5500.o(i.set_w5500_ip)
    set_w5500_mac                            0x0800b075   Thumb Code    46  w5500.o(i.set_w5500_mac)
    setkeepalive                             0x0800b0b1   Thumb Code    20  w5500.o(i.setkeepalive)
    socket                                   0x0800b0c5   Thumb Code   192  socket.o(i.socket)
    software                                 0x0800b189   Thumb Code    68  main.o(i.software)
    swapl                                    0x0800b1d5   Thumb Code    28  ult.o(i.swapl)
    swaps                                    0x0800b1f1   Thumb Code    14  ult.o(i.swaps)
    sysinit                                  0x0800b201   Thumb Code   310  w5500.o(i.sysinit)
    u32_to_u8                                0x0800b341   Thumb Code    48  w5500.o(i.u32_to_u8)
    w5500_check                              0x0800b371   Thumb Code   108  w5500.o(i.w5500_check)
    wiz_read_buf                             0x0800b425   Thumb Code    78  w5500.o(i.wiz_read_buf)
    wiz_write_buf                            0x0800b48d   Thumb Code    80  w5500.o(i.wiz_write_buf)
    D1CorePrescTable                         0x0800b4fc   Data          16  system_stm32h7xx.o(.constdata)
    Region$$Table$$Base                      0x0800b514   Number         0  anon$$obj.o(Region$$Table)
    Region$$Table$$Limit                     0x0800b534   Number         0  anon$$obj.o(Region$$Table)
    freesize                                 0x20000002   Data           2  socket.o(.data)
    revbuffer_len                            0x20000008   Data           2  w5500.o(.data)
    sevbuffer_len                            0x2000000c   Data           4  w5500.o(.data)
    u8len                                    0x20000010   Data           2  w5500.o(.data)
    test_sev_send                            0x20000014   Data           4  w5500.o(.data)
    sev_time_ok                              0x20000018   Data           1  w5500.o(.data)
    socket_flag                              0x20000019   Data           1  w5500.o(.data)
    sev_crc                                  0x2000001a   Data           1  w5500.o(.data)
    dhcp_ok                                  0x2000001b   Data           1  w5500.o(.data)
    id_name                                  0x2000001c   Data           4  w5500.o(.data)
    BD_TG_server_ip                          0x20000020   Data           4  w5500.o(.data)
    BD_TG_server_port                        0x20000024   Data           2  w5500.o(.data)
    ip_from                                  0x20000026   Data           1  w5500.o(.data)
    mac                                      0x20000027   Data           6  w5500.o(.data)
    test_ip                                  0x2000002d   Data           4  w5500.o(.data)
    local_ip                                 0x20000031   Data           4  w5500.o(.data)
    subnet                                   0x20000035   Data           4  w5500.o(.data)
    gateway                                  0x20000039   Data           4  w5500.o(.data)
    dns_server                               0x2000003d   Data           4  w5500.o(.data)
    local_port                               0x20000042   Data           2  w5500.o(.data)
    Lock_Code                                0x20000044   Data           4  w5500.o(.data)
    cumulative_add                           0x20000048   Data           4  w5500.o(.data)
    txsize                                   0x20000052   Data           1  w5500.o(.data)
    rxsize                                   0x20000053   Data           1  w5500.o(.data)
    w5500_connect_error                      0x20000058   Data           8  w5500.o(.data)
    sev_data                                 0x20000060   Data           4  w5500.o(.data)
    sev_text                                 0x20000064   Data           4  w5500.o(.data)
    ad1                                      0x20000068   Data           4  main.o(.data)
    ad2                                      0x2000006c   Data           4  main.o(.data)
    i                                        0x20000070   Data           2  main.o(.data)
    reset_cmd                                0x20000072   Data           1  main.o(.data)
    SRC_MAC_ADDR                             0x20000074   Data           4  dhcp.o(.data)
    GET_SN_MASK                              0x20000078   Data           4  dhcp.o(.data)
    GET_GW_IP                                0x2000007c   Data           4  dhcp.o(.data)
    GET_DNS_IP                               0x20000080   Data           4  dhcp.o(.data)
    DHCP_HOST_NAME                           0x20000084   Data           4  dhcp.o(.data)
    GET_SIP                                  0x20000088   Data           4  dhcp.o(.data)
    DHCP_SIP                                 0x2000008c   Data           4  dhcp.o(.data)
    DHCP_REAL_SIP                            0x20000090   Data           4  dhcp.o(.data)
    OLD_SIP                                  0x20000094   Data           4  dhcp.o(.data)
    dhcp_state                               0x20000098   Data           1  dhcp.o(.data)
    dhcp_retry_count                         0x20000099   Data           1  dhcp.o(.data)
    DHCP_timeout                             0x2000009a   Data           1  dhcp.o(.data)
    dhcp_lease_time                          0x2000009c   Data           4  dhcp.o(.data)
    dhcp_time                                0x200000a0   Data           4  dhcp.o(.data)
    next_dhcp_time                           0x200000a4   Data           4  dhcp.o(.data)
    dhcp_tick_cnt                            0x200000a8   Data           4  dhcp.o(.data)
    DHCP_timer                               0x200000ac   Data           1  dhcp.o(.data)
    dhcp_connect                             0x200000ad   Data           1  dhcp.o(.data)
    DHCP_XID                                 0x200000b0   Data           4  dhcp.o(.data)
    pRIPMSG                                  0x200000b4   Data           4  dhcp.o(.data)
    uwTick                                   0x200000b8   Data           4  stm32h7xx_hal.o(.data)
    uwTickPrio                               0x200000bc   Data           4  stm32h7xx_hal.o(.data)
    uwTickFreq                               0x200000c0   Data           1  stm32h7xx_hal.o(.data)
    SystemCoreClock                          0x200000c4   Data           4  system_stm32h7xx.o(.data)
    SystemD2Clock                            0x200000c8   Data           4  system_stm32h7xx.o(.data)
    __stdout                                 0x200000cc   Data           4  stdout.o(.data)
    w5500_buffer                             0x200000d0   Data          12  w5500.o(.bss)
    Cache_buffer                             0x200000dc   Data        2048  w5500.o(.bss)
    ConfigMsg                                0x200008dc   Data          34  w5500.o(.bss)
    RecvMsg                                  0x200008fe   Data          34  w5500.o(.bss)
    CpuID                                    0x20000920   Data          12  w5500.o(.bss)
    hadc1                                    0x2000092c   Data         100  main.o(.bss)
    hdma_adc1                                0x20000990   Data         120  main.o(.bss)
    hspi2                                    0x20000a08   Data         136  main.o(.bss)
    htim2                                    0x20000a90   Data          64  main.o(.bss)
    htim8                                    0x20000ad0   Data          64  main.o(.bss)
    huart6                                   0x20000b10   Data         140  main.o(.bss)
    DHCP_GET                                 0x20000b9c   Data          22  dhcp.o(.bss)
    EXTERN_DHCPBUF                           0x20000bb2   Data        1024  dhcp.o(.bss)
    __initial_sp                             0x200013b8   Data           0  startup_stm32h743xx.o(STACK)
    ADC_DATA                                 0x24000000   Data          24  main.o(.ARM.__at_0x24000000)



==============================================================================

Memory Map of the image

  Image Entry point : 0x08000299

  Load Region LR_IROM1 (Base: 0x08000000, Size: 0x0000b604, Max: 0x00200000, ABSOLUTE)

    Execution Region ER_IROM1 (Base: 0x08000000, Size: 0x0000b534, Max: 0x00200000, ABSOLUTE)

    Base Addr    Size         Type   Attr      Idx    E Section Name        Object

    0x08000000   0x00000298   Data   RO            3    RESET               startup_stm32h743xx.o
    0x08000298   0x00000000   Code   RO         5948  * .ARM.Collect$$$$00000000  mc_w.l(entry.o)
    0x08000298   0x00000004   Code   RO         6236    .ARM.Collect$$$$00000001  mc_w.l(entry2.o)
    0x0800029c   0x00000004   Code   RO         6239    .ARM.Collect$$$$00000004  mc_w.l(entry5.o)
    0x080002a0   0x00000000   Code   RO         6241    .ARM.Collect$$$$00000008  mc_w.l(entry7b.o)
    0x080002a0   0x00000000   Code   RO         6243    .ARM.Collect$$$$0000000A  mc_w.l(entry8b.o)
    0x080002a0   0x00000008   Code   RO         6244    .ARM.Collect$$$$0000000B  mc_w.l(entry9a.o)
    0x080002a8   0x00000000   Code   RO         6246    .ARM.Collect$$$$0000000D  mc_w.l(entry10a.o)
    0x080002a8   0x00000000   Code   RO         6248    .ARM.Collect$$$$0000000F  mc_w.l(entry11a.o)
    0x080002a8   0x00000004   Code   RO         6237    .ARM.Collect$$$$00002712  mc_w.l(entry2.o)
    0x080002ac   0x00000024   Code   RO            4    .text               startup_stm32h743xx.o
    0x080002d0   0x00000062   Code   RO         5951    .text               mc_w.l(uldiv.o)
    0x08000332   0x00000024   Code   RO         5953    .text               mc_w.l(memcpya.o)
    0x08000356   0x00000024   Code   RO         5955    .text               mc_w.l(memseta.o)
    0x0800037a   0x0000000e   Code   RO         5961    .text               mc_w.l(strlen.o)
    0x08000388   0x0000001a   Code   RO         5963    .text               mc_w.l(memcmp.o)
    0x080003a2   0x00000012   Code   RO         5965    .text               mc_w.l(strcpy.o)
    0x080003b4   0x0000002c   Code   RO         6251    .text               mc_w.l(uidiv.o)
    0x080003e0   0x0000001e   Code   RO         6253    .text               mc_w.l(llshl.o)
    0x080003fe   0x00000020   Code   RO         6255    .text               mc_w.l(llushr.o)
    0x0800041e   0x00000000   Code   RO         6257    .text               mc_w.l(iusefp.o)
    0x0800041e   0x0000014e   Code   RO         6258    .text               mf_w.l(dadd.o)
    0x0800056c   0x000000e4   Code   RO         6260    .text               mf_w.l(dmul.o)
    0x08000650   0x000000de   Code   RO         6262    .text               mf_w.l(ddiv.o)
    0x0800072e   0x00000030   Code   RO         6264    .text               mf_w.l(dfixul.o)
    0x0800075e   0x00000002   PAD
    0x08000760   0x00000030   Code   RO         6266    .text               mf_w.l(cdrcmple.o)
    0x08000790   0x00000024   Code   RO         6268    .text               mc_w.l(init.o)
    0x080007b4   0x00000024   Code   RO         6270    .text               mc_w.l(llsshr.o)
    0x080007d8   0x000000ba   Code   RO         6272    .text               mf_w.l(depilogue.o)
    0x08000892   0x00000002   PAD
    0x08000894   0x00000168   Code   RO         1125    i.ADC_ConfigureBoostMode  stm32h7xx_hal_adc.o
    0x080009fc   0x00000092   Code   RO         1127    i.ADC_DMAConvCplt   stm32h7xx_hal_adc.o
    0x08000a8e   0x0000001e   Code   RO         1128    i.ADC_DMAError      stm32h7xx_hal_adc.o
    0x08000aac   0x0000000e   Code   RO         1129    i.ADC_DMAHalfConvCplt  stm32h7xx_hal_adc.o
    0x08000aba   0x00000002   PAD
    0x08000abc   0x000000c0   Code   RO         1131    i.ADC_Enable        stm32h7xx_hal_adc.o
    0x08000b7c   0x00000004   Code   RO          629    i.BusFault_Handler  stm32h7xx_it.o
    0x08000b80   0x00000010   Code   RO          630    i.DMA1_Stream0_IRQHandler  stm32h7xx_it.o
    0x08000b90   0x000000ec   Code   RO         4288    i.DMA_CalcBaseAndBitshift  stm32h7xx_hal_dma.o
    0x08000c7c   0x000000c4   Code   RO         4289    i.DMA_CalcDMAMUXChannelBaseAndMask  stm32h7xx_hal_dma.o
    0x08000d40   0x00000098   Code   RO         4290    i.DMA_CalcDMAMUXRequestGenBaseAndMask  stm32h7xx_hal_dma.o
    0x08000dd8   0x000000ae   Code   RO         4291    i.DMA_CheckFifoParam  stm32h7xx_hal_dma.o
    0x08000e86   0x00000002   PAD
    0x08000e88   0x00000180   Code   RO         4292    i.DMA_SetConfig     stm32h7xx_hal_dma.o
    0x08001008   0x00000002   Code   RO          631    i.DebugMon_Handler  stm32h7xx_it.o
    0x0800100a   0x00000002   Code   RO          723    i.Error_Handler     main.o
    0x0800100c   0x00000094   Code   RO          236    i.GetLockCode       w5500.o
    0x080010a0   0x00000160   Code   RO         1407    i.HAL_ADCEx_MultiModeConfigChannel  stm32h7xx_hal_adc_ex.o
    0x08001200   0x0000053c   Code   RO         1133    i.HAL_ADC_ConfigChannel  stm32h7xx_hal_adc.o
    0x0800173c   0x0000001c   Code   RO          724    i.HAL_ADC_ConvCpltCallback  main.o
    0x08001758   0x00000014   Code   RO          725    i.HAL_ADC_ConvHalfCpltCallback  main.o
    0x0800176c   0x00000002   Code   RO         1137    i.HAL_ADC_ErrorCallback  stm32h7xx_hal_adc.o
    0x0800176e   0x00000002   PAD
    0x08001770   0x0000028c   Code   RO         1142    i.HAL_ADC_Init      stm32h7xx_hal_adc.o
    0x080019fc   0x00000124   Code   RO          557    i.HAL_ADC_MspInit   stm32h7xx_hal_msp.o
    0x08001b20   0x00000124   Code   RO         1149    i.HAL_ADC_Start_DMA  stm32h7xx_hal_adc.o
    0x08001c44   0x00000af8   Code   RO         4298    i.HAL_DMA_IRQHandler  stm32h7xx_hal_dma.o
    0x0800273c   0x0000037c   Code   RO         4299    i.HAL_DMA_Init      stm32h7xx_hal_dma.o
    0x08002ab8   0x000002ec   Code   RO         4303    i.HAL_DMA_Start_IT  stm32h7xx_hal_dma.o
    0x08002da4   0x00000028   Code   RO         5002    i.HAL_Delay         stm32h7xx_hal.o
    0x08002dcc   0x00000208   Code   RO         4141    i.HAL_GPIO_Init     stm32h7xx_hal_gpio.o
    0x08002fd4   0x0000000c   Code   RO         4145    i.HAL_GPIO_WritePin  stm32h7xx_hal_gpio.o
    0x08002fe0   0x0000000c   Code   RO         5017    i.HAL_GetREVID      stm32h7xx_hal.o
    0x08002fec   0x0000000c   Code   RO         5018    i.HAL_GetTick       stm32h7xx_hal.o
    0x08002ff8   0x0000000c   Code   RO         5021    i.HAL_GetUIDw0      stm32h7xx_hal.o
    0x08003004   0x0000000c   Code   RO         5022    i.HAL_GetUIDw1      stm32h7xx_hal.o
    0x08003010   0x0000000c   Code   RO         5023    i.HAL_GetUIDw2      stm32h7xx_hal.o
    0x0800301c   0x00000018   Code   RO         5024    i.HAL_IncTick       stm32h7xx_hal.o
    0x08003034   0x00000060   Code   RO         5025    i.HAL_Init          stm32h7xx_hal.o
    0x08003094   0x00000058   Code   RO         5026    i.HAL_InitTick      stm32h7xx_hal.o
    0x080030ec   0x0000005c   Code   RO         1637    i.HAL_MPU_ConfigRegion  stm32h7xx_hal_cortex.o
    0x08003148   0x0000002c   Code   RO         1638    i.HAL_MPU_Disable   stm32h7xx_hal_cortex.o
    0x08003174   0x00000040   Code   RO         1639    i.HAL_MPU_Enable    stm32h7xx_hal_cortex.o
    0x080031b4   0x00000024   Code   RO          558    i.HAL_MspInit       stm32h7xx_hal_msp.o
    0x080031d8   0x00000020   Code   RO         1642    i.HAL_NVIC_EnableIRQ  stm32h7xx_hal_cortex.o
    0x080031f8   0x0000007a   Code   RO         1648    i.HAL_NVIC_SetPriority  stm32h7xx_hal_cortex.o
    0x08003272   0x00000002   PAD
    0x08003274   0x00000028   Code   RO         1649    i.HAL_NVIC_SetPriorityGrouping  stm32h7xx_hal_cortex.o
    0x0800329c   0x0000005c   Code   RO         4742    i.HAL_PWREx_ConfigSupply  stm32h7xx_hal_pwr_ex.o
    0x080032f8   0x00000030   Code   RO         3708    i.HAL_RCCEx_GetD1SysClockFreq  stm32h7xx_hal_rcc_ex.o
    0x08003328   0x00000024   Code   RO         3709    i.HAL_RCCEx_GetD3PCLK1Freq  stm32h7xx_hal_rcc_ex.o
    0x0800334c   0x00000230   Code   RO         3710    i.HAL_RCCEx_GetPLL1ClockFreq  stm32h7xx_hal_rcc_ex.o
    0x0800357c   0x00000230   Code   RO         3711    i.HAL_RCCEx_GetPLL2ClockFreq  stm32h7xx_hal_rcc_ex.o
    0x080037ac   0x00000230   Code   RO         3712    i.HAL_RCCEx_GetPLL3ClockFreq  stm32h7xx_hal_rcc_ex.o
    0x080039dc   0x0000032c   Code   RO         3714    i.HAL_RCCEx_GetPeriphCLKFreq  stm32h7xx_hal_rcc_ex.o
    0x08003d08   0x00000b44   Code   RO         3716    i.HAL_RCCEx_PeriphCLKConfig  stm32h7xx_hal_rcc_ex.o
    0x0800484c   0x00000300   Code   RO         3595    i.HAL_RCC_ClockConfig  stm32h7xx_hal_rcc.o
    0x08004b4c   0x00000030   Code   RO         3600    i.HAL_RCC_GetHCLKFreq  stm32h7xx_hal_rcc.o
    0x08004b7c   0x00000024   Code   RO         3602    i.HAL_RCC_GetPCLK1Freq  stm32h7xx_hal_rcc.o
    0x08004ba0   0x00000024   Code   RO         3603    i.HAL_RCC_GetPCLK2Freq  stm32h7xx_hal_rcc.o
    0x08004bc4   0x0000022c   Code   RO         3604    i.HAL_RCC_GetSysClockFreq  stm32h7xx_hal_rcc.o
    0x08004df0   0x00000748   Code   RO         3607    i.HAL_RCC_OscConfig  stm32h7xx_hal_rcc.o
    0x08005538   0x00000170   Code   RO         1793    i.HAL_SPI_Init      stm32h7xx_hal_spi.o
    0x080056a8   0x00000080   Code   RO          560    i.HAL_SPI_MspInit   stm32h7xx_hal_msp.o
    0x08005728   0x000003fc   Code   RO         1802    i.HAL_SPI_TransmitReceive  stm32h7xx_hal_spi.o
    0x08005b24   0x00000034   Code   RO         1653    i.HAL_SYSTICK_Config  stm32h7xx_hal_cortex.o
    0x08005b58   0x00000002   Code   RO         2820    i.HAL_TIMEx_Break2Callback  stm32h7xx_hal_tim_ex.o
    0x08005b5a   0x00000002   Code   RO         2821    i.HAL_TIMEx_BreakCallback  stm32h7xx_hal_tim_ex.o
    0x08005b5c   0x00000002   Code   RO         2822    i.HAL_TIMEx_CommutCallback  stm32h7xx_hal_tim_ex.o
    0x08005b5e   0x00000002   PAD
    0x08005b60   0x00000078   Code   RO         2841    i.HAL_TIMEx_MasterConfigSynchronization  stm32h7xx_hal_tim_ex.o
    0x08005bd8   0x00000034   Code   RO         2112    i.HAL_TIM_Base_Init  stm32h7xx_hal_tim.o
    0x08005c0c   0x0000007c   Code   RO          562    i.HAL_TIM_Base_MspInit  stm32h7xx_hal_msp.o
    0x08005c88   0x00000038   Code   RO         2117    i.HAL_TIM_Base_Start_IT  stm32h7xx_hal_tim.o
    0x08005cc0   0x00000130   Code   RO         2121    i.HAL_TIM_ConfigClockSource  stm32h7xx_hal_tim.o
    0x08005df0   0x00000002   Code   RO         2143    i.HAL_TIM_IC_CaptureCallback  stm32h7xx_hal_tim.o
    0x08005df2   0x000001b8   Code   RO         2157    i.HAL_TIM_IRQHandler  stm32h7xx_hal_tim.o
    0x08005faa   0x00000002   Code   RO         2160    i.HAL_TIM_OC_DelayElapsedCallback  stm32h7xx_hal_tim.o
    0x08005fac   0x00000002   Code   RO         2187    i.HAL_TIM_PWM_PulseFinishedCallback  stm32h7xx_hal_tim.o
    0x08005fae   0x00000002   PAD
    0x08005fb0   0x0000004c   Code   RO          726    i.HAL_TIM_PeriodElapsedCallback  main.o
    0x08005ffc   0x00000002   Code   RO         2200    i.HAL_TIM_TriggerCallback  stm32h7xx_hal_tim.o
    0x08005ffe   0x0000004e   Code   RO         3496    i.HAL_UARTEx_DisableFifoMode  stm32h7xx_hal_uart_ex.o
    0x0800604c   0x0000005e   Code   RO         3501    i.HAL_UARTEx_SetRxFifoThreshold  stm32h7xx_hal_uart_ex.o
    0x080060aa   0x0000005e   Code   RO         3502    i.HAL_UARTEx_SetTxFifoThreshold  stm32h7xx_hal_uart_ex.o
    0x08006108   0x00000078   Code   RO         3123    i.HAL_UART_Init     stm32h7xx_hal_uart.o
    0x08006180   0x0000007c   Code   RO          564    i.HAL_UART_MspInit  stm32h7xx_hal_msp.o
    0x080061fc   0x000000d4   Code   RO         3132    i.HAL_UART_Transmit  stm32h7xx_hal_uart.o
    0x080062d0   0x00000004   Code   RO          632    i.HardFault_Handler  stm32h7xx_it.o
    0x080062d4   0x00000014   Code   RO          237    i.IINCHIP_CSoff     w5500.o
    0x080062e8   0x00000014   Code   RO          238    i.IINCHIP_CSon      w5500.o
    0x080062fc   0x00000032   Code   RO          239    i.IINCHIP_READ      w5500.o
    0x0800632e   0x0000000c   Code   RO          240    i.IINCHIP_SpiSendData  w5500.o
    0x0800633a   0x00000032   Code   RO          241    i.IINCHIP_WRITE     w5500.o
    0x0800636c   0x00000010   Code   RO         1154    i.LL_ADC_Enable     stm32h7xx_hal_adc.o
    0x0800637c   0x0000000a   Code   RO         1156    i.LL_ADC_GetMultimode  stm32h7xx_hal_adc.o
    0x08006386   0x0000000a   Code   RO         1157    i.LL_ADC_INJ_IsConversionOngoing  stm32h7xx_hal_adc.o
    0x08006390   0x0000000a   Code   RO         1159    i.LL_ADC_IsEnabled  stm32h7xx_hal_adc.o
    0x0800639a   0x0000000a   Code   RO         1420    i.LL_ADC_IsEnabled  stm32h7xx_hal_adc_ex.o
    0x080063a4   0x0000000a   Code   RO         1160    i.LL_ADC_IsInternalRegulatorEnabled  stm32h7xx_hal_adc.o
    0x080063ae   0x0000000a   Code   RO         1161    i.LL_ADC_REG_IsConversionOngoing  stm32h7xx_hal_adc.o
    0x080063b8   0x0000000a   Code   RO         1421    i.LL_ADC_REG_IsConversionOngoing  stm32h7xx_hal_adc_ex.o
    0x080063c2   0x00000012   Code   RO         1162    i.LL_ADC_REG_IsTriggerSourceSWStart  stm32h7xx_hal_adc.o
    0x080063d4   0x00000010   Code   RO         1163    i.LL_ADC_REG_StartConversion  stm32h7xx_hal_adc.o
    0x080063e4   0x00000028   Code   RO         1165    i.LL_ADC_SetChannelSamplingTime  stm32h7xx_hal_adc.o
    0x0800640c   0x0000000c   Code   RO         1166    i.LL_ADC_SetCommonPathInternalCh  stm32h7xx_hal_adc.o
    0x08006418   0x00000058   Code   RO          727    i.MPU_Config        main.o
    0x08006470   0x00000134   Code   RO          728    i.MX_ADC1_Init      main.o
    0x080065a4   0x00000034   Code   RO          729    i.MX_DMA_Init       main.o
    0x080065d8   0x00000158   Code   RO          730    i.MX_GPIO_Init      main.o
    0x08006730   0x00000070   Code   RO          731    i.MX_SPI2_Init      main.o
    0x080067a0   0x0000006c   Code   RO          732    i.MX_TIM2_Init      main.o
    0x0800680c   0x00000074   Code   RO          733    i.MX_TIM8_Init      main.o
    0x08006880   0x0000006c   Code   RO          734    i.MX_USART6_UART_Init  main.o
    0x080068ec   0x00000004   Code   RO          633    i.MemManage_Handler  stm32h7xx_it.o
    0x080068f0   0x00000002   Code   RO          634    i.NMI_Handler       stm32h7xx_it.o
    0x080068f2   0x00000002   Code   RO          635    i.PendSV_Handler    stm32h7xx_it.o
    0x080068f4   0x00000164   Code   RO         3719    i.RCCEx_PLL2_Config  stm32h7xx_hal_rcc_ex.o
    0x08006a58   0x00000164   Code   RO         3720    i.RCCEx_PLL3_Config  stm32h7xx_hal_rcc_ex.o
    0x08006bbc   0x00000030   Code   RO          242    i.Reset_W5500       w5500.o
    0x08006bec   0x0000009c   Code   RO          735    i.SCB_EnableDCache  main.o
    0x08006c88   0x0000007c   Code   RO          736    i.SCB_EnableICache  main.o
    0x08006d04   0x0000004c   Code   RO          737    i.SCB_InvalidateDCache_by_Addr  main.o
    0x08006d50   0x00000020   Code   RO          243    i.SPI2_SendByte     w5500.o
    0x08006d70   0x000000d6   Code   RO         1812    i.SPI_CloseTransfer  stm32h7xx_hal_spi.o
    0x08006e46   0x0000001a   Code   RO         1823    i.SPI_GetPacketSize  stm32h7xx_hal_spi.o
    0x08006e60   0x00000040   Code   RO         1830    i.SPI_WaitOnFlagUntilTimeout  stm32h7xx_hal_spi.o
    0x08006ea0   0x00000002   Code   RO          636    i.SVC_Handler       stm32h7xx_it.o
    0x08006ea2   0x00000008   Code   RO          637    i.SysTick_Handler   stm32h7xx_it.o
    0x08006eaa   0x00000002   PAD
    0x08006eac   0x00000100   Code   RO          738    i.SystemClock_Config  main.o
    0x08006fac   0x000000a8   Code   RO         5915    i.SystemInit        system_stm32h7xx.o
    0x08007054   0x00000010   Code   RO          638    i.TIM2_IRQHandler   stm32h7xx_it.o
    0x08007064   0x00000010   Code   RO          639    i.TIM8_UP_TIM13_IRQHandler  stm32h7xx_it.o
    0x08007074   0x000000cc   Code   RO         2202    i.TIM_Base_SetConfig  stm32h7xx_hal_tim.o
    0x08007140   0x00000016   Code   RO         2213    i.TIM_ETR_SetConfig  stm32h7xx_hal_tim.o
    0x08007156   0x00000002   PAD
    0x08007158   0x00000018   Code   RO         2214    i.TIM_ITRx_SetConfig  stm32h7xx_hal_tim.o
    0x08007170   0x00000026   Code   RO         2222    i.TIM_TI1_ConfigInputStage  stm32h7xx_hal_tim.o
    0x08007196   0x00000028   Code   RO         2224    i.TIM_TI2_ConfigInputStage  stm32h7xx_hal_tim.o
    0x080071be   0x00000002   PAD
    0x080071c0   0x00000070   Code   RO         3506    i.UARTEx_SetNbDataToProcess  stm32h7xx_hal_uart_ex.o
    0x08007230   0x000000f8   Code   RO         3137    i.UART_AdvFeatureConfig  stm32h7xx_hal_uart.o
    0x08007328   0x00000074   Code   RO         3138    i.UART_CheckIdleState  stm32h7xx_hal_uart.o
    0x0800739c   0x000016f0   Code   RO         3156    i.UART_SetConfig    stm32h7xx_hal_uart.o
    0x08008a8c   0x000000be   Code   RO         3161    i.UART_WaitOnFlagUntilTimeout  stm32h7xx_hal_uart.o
    0x08008b4a   0x00000004   Code   RO          640    i.UsageFault_Handler  stm32h7xx_it.o
    0x08008b4e   0x00000002   PAD
    0x08008b50   0x00000020   Code   RO         6208    i.__0printf         mc_w.l(printfa.o)
    0x08008b70   0x00000028   Code   RO         6210    i.__0sprintf        mc_w.l(printfa.o)
    0x08008b98   0x00000010   Code   RO         1655    i.__NVIC_GetPriorityGrouping  stm32h7xx_hal_cortex.o
    0x08008ba8   0x00000028   Code   RO         1656    i.__NVIC_SetPriority  stm32h7xx_hal_cortex.o
    0x08008bd0   0x0000000e   Code   RO         6276    i.__scatterload_copy  mc_w.l(handlers.o)
    0x08008bde   0x00000002   Code   RO         6277    i.__scatterload_null  mc_w.l(handlers.o)
    0x08008be0   0x0000000e   Code   RO         6278    i.__scatterload_zeroinit  mc_w.l(handlers.o)
    0x08008bee   0x00000002   PAD
    0x08008bf0   0x00000164   Code   RO         6215    i._fp_digits        mc_w.l(printfa.o)
    0x08008d54   0x000006dc   Code   RO         6216    i._printf_core      mc_w.l(printfa.o)
    0x08009430   0x00000024   Code   RO         6217    i._printf_post_padding  mc_w.l(printfa.o)
    0x08009454   0x0000002e   Code   RO         6218    i._printf_pre_padding  mc_w.l(printfa.o)
    0x08009482   0x0000000a   Code   RO         6220    i._sputc            mc_w.l(printfa.o)
    0x0800948c   0x000000bc   Code   RO          867    i.auto_dhcp         dhcp.o
    0x08009548   0x00000084   Code   RO          868    i.check_DHCP_Timeout  dhcp.o
    0x080095cc   0x00000168   Code   RO          869    i.check_DHCP_state  dhcp.o
    0x08009734   0x00000040   Code   RO          870    i.check_leasedIP    dhcp.o
    0x08009774   0x00000034   Code   RO           13    i.close             socket.o
    0x080097a8   0x000000f8   Code   RO           14    i.connect           socket.o
    0x080098a0   0x00000190   Code   RO          245    i.do_tcp_client     w5500.o
    0x08009a30   0x0000001c   Code   RO          739    i.fputc             main.o
    0x08009a4c   0x00000010   Code   RO          246    i.getGAR            w5500.o
    0x08009a5c   0x00000010   Code   RO          249    i.getIINCHIP_TxMAX  w5500.o
    0x08009a6c   0x0000000c   Code   RO          252    i.getPHYStatus      w5500.o
    0x08009a78   0x00000012   Code   RO          254    i.getSIPR           w5500.o
    0x08009a8a   0x00000012   Code   RO          255    i.getSUBR           w5500.o
    0x08009a9c   0x00000012   Code   RO          256    i.getSn_IR          w5500.o
    0x08009aae   0x00000054   Code   RO          257    i.getSn_RX_RSR      w5500.o
    0x08009b02   0x00000012   Code   RO          258    i.getSn_SR          w5500.o
    0x08009b14   0x00000054   Code   RO          259    i.getSn_TX_FSR      w5500.o
    0x08009b68   0x0000000c   Code   RO          972    i.htonl             ult.o
    0x08009b74   0x0000000c   Code   RO          973    i.htons             ult.o
    0x08009b80   0x0000000a   Code   RO          260    i.iinchip_init      w5500.o
    0x08009b8a   0x00000002   PAD
    0x08009b8c   0x00000074   Code   RO          871    i.init_dhcp_client  dhcp.o
    0x08009c00   0x0000025c   Code   RO          740    i.main              main.o
    0x08009e5c   0x0000000c   Code   RO          979    i.ntohl             ult.o
    0x08009e68   0x00000170   Code   RO          872    i.parseDHCPMSG      dhcp.o
    0x08009fd8   0x00000042   Code   RO           17    i.recv              socket.o
    0x0800a01a   0x00000002   PAD
    0x0800a01c   0x00000094   Code   RO          262    i.recv_data_processing  w5500.o
    0x0800a0b0   0x00000200   Code   RO           18    i.recvfrom          socket.o
    0x0800a2b0   0x0000002c   Code   RO          873    i.reset_DHCP_time   dhcp.o
    0x0800a2dc   0x0000010c   Code   RO           19    i.send              socket.o
    0x0800a3e8   0x000002d4   Code   RO          874    i.send_DHCP_DISCOVER  dhcp.o
    0x0800a6bc   0x0000029c   Code   RO          875    i.send_DHCP_RELEASE_DECLINE  dhcp.o
    0x0800a958   0x000003f0   Code   RO          876    i.send_DHCP_REQUEST  dhcp.o
    0x0800ad48   0x0000006c   Code   RO          263    i.send_data_processing  w5500.o
    0x0800adb4   0x0000010c   Code   RO           21    i.sendto            socket.o
    0x0800aec0   0x00000010   Code   RO          264    i.setGAR            w5500.o
    0x0800aed0   0x0000000e   Code   RO          265    i.setMR             w5500.o
    0x0800aede   0x00000012   Code   RO          268    i.setSHAR           w5500.o
    0x0800aef0   0x00000012   Code   RO          269    i.setSIPR           w5500.o
    0x0800af02   0x00000012   Code   RO          270    i.setSUBR           w5500.o
    0x0800af14   0x00000016   Code   RO          271    i.setSn_IR          w5500.o
    0x0800af2a   0x00000002   PAD
    0x0800af2c   0x00000148   Code   RO          274    i.set_w5500_ip      w5500.o
    0x0800b074   0x0000003c   Code   RO          275    i.set_w5500_mac     w5500.o
    0x0800b0b0   0x00000014   Code   RO          276    i.setkeepalive      w5500.o
    0x0800b0c4   0x000000c4   Code   RO           22    i.socket            socket.o
    0x0800b188   0x0000004c   Code   RO          741    i.software          main.o
    0x0800b1d4   0x0000001c   Code   RO          982    i.swapl             ult.o
    0x0800b1f0   0x0000000e   Code   RO          983    i.swaps             ult.o
    0x0800b1fe   0x00000002   PAD
    0x0800b200   0x00000140   Code   RO          277    i.sysinit           w5500.o
    0x0800b340   0x00000030   Code   RO          278    i.u32_to_u8         w5500.o
    0x0800b370   0x000000b4   Code   RO          279    i.w5500_check       w5500.o
    0x0800b424   0x00000068   Code   RO          280    i.wiz_read_buf      w5500.o
    0x0800b48c   0x00000068   Code   RO          281    i.wiz_write_buf     w5500.o
    0x0800b4f4   0x00000008   Data   RO         4305    .constdata          stm32h7xx_hal_dma.o
    0x0800b4fc   0x00000010   Data   RO         5916    .constdata          system_stm32h7xx.o
    0x0800b50c   0x00000005   Data   RO          878    .conststring        dhcp.o
    0x0800b511   0x00000003   PAD
    0x0800b514   0x00000020   Data   RO         6274    Region$$Table       anon$$obj.o


    Execution Region RW_IRAM1 (Base: 0x20000000, Size: 0x000013b8, Max: 0x00020000, ABSOLUTE)

    Base Addr    Size         Type   Attr      Idx    E Section Name        Object

    0x20000000   0x00000004   Data   RW           23    .data               socket.o
    0x20000004   0x00000004   PAD
    0x20000008   0x00000060   Data   RW          283    .data               w5500.o
    0x20000068   0x0000000b   Data   RW          744    .data               main.o
    0x20000073   0x00000001   PAD
    0x20000074   0x00000044   Data   RW          879    .data               dhcp.o
    0x200000b8   0x00000009   Data   RW         5047    .data               stm32h7xx_hal.o
    0x200000c1   0x00000003   PAD
    0x200000c4   0x00000008   Data   RW         5917    .data               system_stm32h7xx.o
    0x200000cc   0x00000004   Data   RW         6250    .data               mc_w.l(stdout.o)
    0x200000d0   0x0000085c   Zero   RW          282    .bss                w5500.o
    0x2000092c   0x00000270   Zero   RW          743    .bss                main.o
    0x20000b9c   0x00000416   Zero   RW          877    .bss                dhcp.o
    0x20000fb2   0x00000006   PAD
    0x20000fb8   0x00000400   Zero   RW            1    STACK               startup_stm32h743xx.o



  Load Region LR$$.ARM.__at_0x24000000 (Base: 0x24000000, Size: 0x00000018, Max: 0x00000018, ABSOLUTE)

    Execution Region ER$$.ARM.__at_0x24000000 (Base: 0x24000000, Size: 0x00000018, Max: 0x00000018, ABSOLUTE, UNINIT)

    Base Addr    Size         Type   Attr      Idx    E Section Name        Object

    0x24000000   0x00000018   Data   RW          742    .ARM.__at_0x24000000  main.o


==============================================================================

Image component sizes


      Code (inc. data)   RO Data    RW Data    ZI Data      Debug   Object Name

      3672        390          5         68       1046      11101   dhcp.o
      2682        306          0         35        624      51960   main.o
      1610         70          0          4          0    1316714   socket.o
        36          8        664          0       1024        824   startup_stm32h743xx.o
       308         70          0          9          0      24329   stm32h7xx_hal.o
      3180        218          0          0          0      74272   stm32h7xx_hal_adc.o
       372         22          0          0          0      61571   stm32h7xx_hal_adc_ex.o
       502         38          0          0          0      41433   stm32h7xx_hal_cortex.o
      5590        116          8          0          0       9843   stm32h7xx_hal_dma.o
       532         52          0          0          0       2312   stm32h7xx_hal_gpio.o
       704         66          0          0          0       3732   stm32h7xx_hal_msp.o
        92          6          0          0          0        753   stm32h7xx_hal_pwr_ex.o
      3308        102          0          0          0       6468   stm32h7xx_hal_rcc.o
      6172        174          0          0          0      10329   stm32h7xx_hal_rcc_ex.o
      1692         14          0          0          0       5261   stm32h7xx_hal_spi.o
      1188         58          0          0          0       9367   stm32h7xx_hal_tim.o
       126         10          0          0          0       3008   stm32h7xx_hal_tim_ex.o
      6758        142          0          0          0       9477   stm32h7xx_hal_uart.o
       378         18          0          0          0       3581   stm32h7xx_hal_uart_ex.o
        80         18          0          0          0       5461   stm32h7xx_it.o
       168         22         16          8          0       1234   system_stm32h7xx.o
        78          0          0          0          0       2560   ult.o
      2600        544          0         96       2140      21902   w5500.o

    ----------------------------------------------------------------------
     41856       2464        728        228       4840    1677492   Object Totals
         0          0         32          0          0          0   (incl. Generated)
        28          0          3          8          6          0   (incl. Padding)

    ----------------------------------------------------------------------

      Code (inc. data)   RO Data    RW Data    ZI Data      Debug   Library Member Name

         0          0          0          0          0          0   entry.o
         0          0          0          0          0          0   entry10a.o
         0          0          0          0          0          0   entry11a.o
         8          4          0          0          0          0   entry2.o
         4          0          0          0          0          0   entry5.o
         0          0          0          0          0          0   entry7b.o
         0          0          0          0          0          0   entry8b.o
         8          4          0          0          0          0   entry9a.o
        30          0          0          0          0          0   handlers.o
        36          8          0          0          0         68   init.o
         0          0          0          0          0          0   iusefp.o
        30          0          0          0          0         68   llshl.o
        36          0          0          0          0         68   llsshr.o
        32          0          0          0          0         68   llushr.o
        26          0          0          0          0         80   memcmp.o
        36          0          0          0          0         68   memcpya.o
        36          0          0          0          0        108   memseta.o
      2276         96          0          0          0        596   printfa.o
         0          0          0          4          0          0   stdout.o
        18          0          0          0          0         68   strcpy.o
        14          0          0          0          0         68   strlen.o
        44          0          0          0          0         80   uidiv.o
        98          0          0          0          0         92   uldiv.o
        48          0          0          0          0         68   cdrcmple.o
       334          0          0          0          0        148   dadd.o
       222          0          0          0          0        100   ddiv.o
       186          0          0          0          0        176   depilogue.o
        48          0          0          0          0         68   dfixul.o
       228          0          0          0          0         96   dmul.o

    ----------------------------------------------------------------------
      3804        112          0          4          0       2088   Library Totals
         6          0          0          0          0          0   (incl. Padding)

    ----------------------------------------------------------------------

      Code (inc. data)   RO Data    RW Data    ZI Data      Debug   Library Name

      2732        112          0          4          0       1432   mc_w.l
      1066          0          0          0          0        656   mf_w.l

    ----------------------------------------------------------------------
      3804        112          0          4          0       2088   Library Totals

    ----------------------------------------------------------------------

==============================================================================


      Code (inc. data)   RO Data    RW Data    ZI Data      Debug   

     45660       2576        728        232       4840    1660292   Grand Totals
     45660       2576        728        232       4840    1660292   ELF Image Totals
     45660       2576        728        232          0          0   ROM Totals

==============================================================================

    Total RO  Size (Code + RO Data)                46388 (  45.30kB)
    Total RW  Size (RW Data + ZI Data)              5072 (   4.95kB)
    Total ROM Size (Code + RO Data + RW Data)      46620 (  45.53kB)

==============================================================================

